<14>1 2018-04-06T22:46:49Z localhost Survey123forArcGIS 19406 - - $ Logging started: 2018-04-06T16:46:49
<14>1 2018-04-06T22:46:49Z localhost Survey123forArcGIS 19406 - - $ Application Name: Survey123forArcGIS
<14>1 2018-04-06T22:46:49Z localhost Survey123forArcGIS 19406 - - $ Application Version: 2.7.98
<14>1 2018-04-06T22:46:49Z localhost Survey123forArcGIS 19406 - - $ Application File Path: /data/app/com.esri.survey123-1/lib/arm/libAppStudioApp.so
<14>1 2018-04-06T22:46:49Z localhost Survey123forArcGIS 19406 - - $ Application Directory Path: /data/app/com.esri.survey123-1/lib/arm
<14>1 2018-04-06T22:46:49Z localhost Survey123forArcGIS 19406 - - $ AppFramework Version: 2.1.15
<14>1 2018-04-06T22:46:49Z localhost Survey123forArcGIS 19406 - - $ Qt Version: 5.9.1
<14>1 2018-04-06T22:46:49Z localhost Survey123forArcGIS 19406 - - $ Operating System: Android Nougat (7.0)
<14>1 2018-04-06T22:46:49Z localhost Survey123forArcGIS 19406 - - $ Operating System Type: android
<14>1 2018-04-06T22:46:49Z localhost Survey123forArcGIS 19406 - - $ Operating System Version: 7.0
<14>1 2018-04-06T22:46:49Z localhost Survey123forArcGIS 19406 - - $ Kernel Type: linux
<14>1 2018-04-06T22:46:49Z localhost Survey123forArcGIS 19406 - - $ Kernel Version: 3.10.84-g2ccb7a8
<14>1 2018-04-06T22:46:49Z localhost Survey123forArcGIS 19406 - - $ Build ABI: arm-little_endian-ilp32-eabi
<14>1 2018-04-06T22:46:49Z localhost Survey123forArcGIS 19406 - - $ Current CPU Architecture: arm
<14>1 2018-04-06T22:46:49Z localhost Survey123forArcGIS 19406 - - $ Build CPU Architecture: arm
<14>1 2018-04-06T22:46:49Z localhost Survey123forArcGIS 19406 - - $ SSL Library Version: OpenSSL 1.0.2n  7 Dec 2017
<14>1 2018-04-06T22:46:49Z localhost Survey123forArcGIS 19406 - - $ Host name: localhost
<14>1 2018-04-06T22:46:49Z localhost Survey123forArcGIS 19406 - - $ Domain name: 
<14>1 2018-04-06T22:46:49Z localhost Survey123forArcGIS 19406 - - $ Default locale: en_US
<14>1 2018-04-06T22:46:49Z localhost Survey123forArcGIS 19406 - - $ Release Type: store
<12>1 2018-04-06T22:46:58Z localhost Survey123forArcGIS 19406 - [AppStudio@11205 category="default"] libpng warning: iCCP: known incorrect sRGB profile
<12>1 2018-04-06T22:46:58Z localhost Survey123forArcGIS 19406 - [AppStudio@11205 category="default"] libpng warning: iCCP: known incorrect sRGB profile
<12>1 2018-04-06T22:46:58Z localhost Survey123forArcGIS 19406 - [AppStudio@11205 category="default"] libpng warning: iCCP: known incorrect sRGB profile
<12>1 2018-04-06T22:46:58Z localhost Survey123forArcGIS 19406 - [AppStudio@11205 category="default"] libpng warning: iCCP: known incorrect sRGB profile
<12>1 2018-04-06T22:46:58Z localhost Survey123forArcGIS 19406 - [AppStudio@11205 category="default"] libpng warning: iCCP: known incorrect sRGB profile
<15>1 2018-04-06T22:46:58Z localhost Survey123forArcGIS 19406 - [AppStudio@11205 category="qml" function="readInfo" filename="SurveyInfo.qml" line="71"] qml: surveyInfo: {
  "displayInfo": {
    "map": {
      "coordinateFormat": null,
      "defaultType": {
        "name": null
      },
      "home": {
        "latitude": -71148808.92027593,
        "longitude": 704443.6526759937,
        "zoomLevel": 0
      },
      "preview": {
        "coordinateFormat": null,
        "zoomLevel": 0
      }
    },
    "style": {
      "backgroundColor": null,
      "backgroundImage": null,
      "inputBackgroundColor": null,
      "inputTextColor": null,
      "textColor": null,
      "toolbarBackgroundColor": "#31872e",
      "toolbarTextColor": "#ffffff"
    }
  },
  "imagesInfo": {
    "captureResolution": 0
  },
  "serviceInfo": {
    "itemId": "4330c360cc1640c58de0013efcc008de",
    "type": "Feature Service",
    "url": "https://services2.arcgis.com/4VBZFeVR0gsH4uni/arcgis/rest/services/survey123_7b574c1e08a94f7488326a5cc25debc3/FeatureServer"
  }
}
<15>1 2018-04-06T22:46:58Z localhost Survey123forArcGIS 19406 - [AppStudio@11205 category="qml" function="updateMapPackages" filename="SurveyInfo.qml" line="97"] qml: Primary library path: /sdcard/ArcGIS/My Surveys/Maps
<12>1 2018-04-06T22:46:58Z localhost Survey123forArcGIS 19406 - [AppStudio@11205 category="default"] QQmlExpression: Expression qrc:/qml/template/SurveyInfoPage.qml:204:20 depends on non-NOTIFYable properties:
<12>1 2018-04-06T22:46:58Z localhost Survey123forArcGIS 19406 - [AppStudio@11205 category="default"]     QQuickItem::resources
<12>1 2018-04-06T22:46:58Z localhost Survey123forArcGIS 19406 - [AppStudio@11205 category="default"] QQmlExpression: Expression qrc:/qml/template/SurveyInfoPage.qml:204:20 depends on non-NOTIFYable properties:
<12>1 2018-04-06T22:46:58Z localhost Survey123forArcGIS 19406 - [AppStudio@11205 category="default"]     QQuickItem::resources
<12>1 2018-04-06T22:46:58Z localhost Survey123forArcGIS 19406 - [AppStudio@11205 category="default"] QFSFileEngine::open: No file name specified
<12>1 2018-04-06T22:46:58Z localhost Survey123forArcGIS 19406 - [AppStudio@11205 category="default"] QFSFileEngine::open: No file name specified
<12>1 2018-04-06T22:46:58Z localhost Survey123forArcGIS 19406 - [AppStudio@11205 category="default"] libpng warning: iCCP: known incorrect sRGB profile
<12>1 2018-04-06T22:46:58Z localhost Survey123forArcGIS 19406 - [AppStudio@11205 category="default"] QFSFileEngine::open: No file name specified
<12>1 2018-04-06T22:46:58Z localhost Survey123forArcGIS 19406 - [AppStudio@11205 category="default"] QFSFileEngine::open: No file name specified
<12>1 2018-04-06T22:46:58Z localhost Survey123forArcGIS 19406 - [AppStudio@11205 category="default"] libpng warning: iCCP: known incorrect sRGB profile
<12>1 2018-04-06T22:46:58Z localhost Survey123forArcGIS 19406 - [AppStudio@11205 category="default"] libpng warning: iCCP: known incorrect sRGB profile
<12>1 2018-04-06T22:46:58Z localhost Survey123forArcGIS 19406 - [AppStudio@11205 category="default"] libpng warning: iCCP: known incorrect sRGB profile
<15>1 2018-04-06T22:46:59Z localhost Survey123forArcGIS 19406 - [AppStudio@11205 category="qml" function="readInfo" filename="SurveyInfo.qml" line="71"] qml: surveyInfo: {
  "displayInfo": {
    "map": {
      "coordinateFormat": null,
      "defaultType": {
        "name": null
      },
      "home": {
        "latitude": -71148808.92027593,
        "longitude": 704443.6526759937,
        "zoomLevel": 0
      },
      "preview": {
        "coordinateFormat": null,
        "zoomLevel": 0
      }
    },
    "style": {
      "backgroundColor": null,
      "backgroundImage": null,
      "inputBackgroundColor": null,
      "inputTextColor": null,
      "textColor": null,
      "toolbarBackgroundColor": "#31872e",
      "toolbarTextColor": "#ffffff"
    }
  },
  "imagesInfo": {
    "captureResolution": 0
  },
  "serviceInfo": {
    "itemId": "4330c360cc1640c58de0013efcc008de",
    "type": "Feature Service",
    "url": "https://services2.arcgis.com/4VBZFeVR0gsH4uni/arcgis/rest/services/survey123_7b574c1e08a94f7488326a5cc25debc3/FeatureServer"
  }
}
<15>1 2018-04-06T22:46:59Z localhost Survey123forArcGIS 19406 - [AppStudio@11205 category="qml" function="updateMapPackages" filename="SurveyInfo.qml" line="97"] qml: Primary library path: /sdcard/ArcGIS/My Surveys/Maps
<12>1 2018-04-06T22:47:00Z localhost Survey123forArcGIS 19406 - [AppStudio@11205 category="default"] QObject::connect: Incompatible sender/receiver arguments
        QTextToSpeech::volumeChanged(int) --> TextToSpeech::volumeChanged(double)
<12>1 2018-04-06T22:47:00Z localhost Survey123forArcGIS 19406 - [AppStudio@11205 category="qml" function="metaValue" filename="XFormData.qml" line="1495"] qml: metaValue: Schema not ready
<15>1 2018-04-06T22:47:00Z localhost Survey123forArcGIS 19406 - [AppStudio@11205 category="qml" function="onInstanceChanged" filename="XFormData.qml" line="75"] qml: Data editMode: 0
<15>1 2018-04-06T22:47:00Z localhost Survey123forArcGIS 19406 - [AppStudio@11205 category="qml" function="loadExternal" filename="XFormItemsets.qml" line="69"] qml: Itemsets data file not found: /sdcard/ArcGIS/My Surveys/7b574c1e08a94f7488326a5cc25debc3/esriinfo/media/itemsets.csv
<12>1 2018-04-06T22:47:00Z localhost Survey123forArcGIS 19406 - [AppStudio@11205 category="default"] QFSFileEngine::open: No file name specified
<12>1 2018-04-06T22:47:00Z localhost Survey123forArcGIS 19406 - [AppStudio@11205 category="default"] QFSFileEngine::open: No file name specified
<12>1 2018-04-06T22:47:00Z localhost Survey123forArcGIS 19406 - [AppStudio@11205 category="default"] QFSFileEngine::open: No file name specified
<12>1 2018-04-06T22:47:00Z localhost Survey123forArcGIS 19406 - [AppStudio@11205 category="default"] QFSFileEngine::open: No file name specified
<12>1 2018-04-06T22:47:00Z localhost Survey123forArcGIS 19406 - [AppStudio@11205 category="default"] libpng warning: iCCP: known incorrect sRGB profile
<15>1 2018-04-06T22:47:00Z localhost Survey123forArcGIS 19406 - [AppStudio@11205 category="qml" function="addDefaultMapSources" filename="XFormMapSettings.qml" line="220"] qml: Reading default map sources: qrc:/qml/XForms/XFormMapSettings.json
<15>1 2018-04-06T22:47:00Z localhost Survey123forArcGIS 19406 - [AppStudio@11205 category="qml" function="refreshDisplayInfo" filename="XForm.qml" line="404"] qml: refreshDisplayInfo {
  "map": {
    "coordinateFormat": null,
    "defaultType": {
      "name": null
    },
    "home": {
      "latitude": -71148808.92027593,
      "longitude": 704443.6526759937,
      "zoomLevel": 0
    },
    "preview": {
      "coordinateFormat": null,
      "zoomLevel": 0
    }
  },
  "style": {
    "backgroundColor": null,
    "backgroundImage": null,
    "inputBackgroundColor": null,
    "inputTextColor": null,
    "textColor": null,
    "toolbarBackgroundColor": "#31872e",
    "toolbarTextColor": "#ffffff"
  }
}
<15>1 2018-04-06T22:47:00Z localhost Survey123forArcGIS 19406 - [AppStudio@11205 category="qml" function="refresh" filename="XFormMapSettings.qml" line="75"] qml: Refreshing map settings surveyPath: /sdcard/ArcGIS/My Surveys/7b574c1e08a94f7488326a5cc25debc3/esriinfo info: {
  "coordinateFormat": null,
  "defaultType": {
    "name": null
  },
  "home": {
    "latitude": -71148808.92027593,
    "longitude": 704443.6526759937,
    "zoomLevel": 0
  },
  "preview": {
    "coordinateFormat": null,
    "zoomLevel": 0
  }
}
<15>1 2018-04-06T22:47:00Z localhost Survey123forArcGIS 19406 - [AppStudio@11205 category="qml" function="refresh" filename="XFormMapSettings.qml" line="176"] qml: Map folders: [
  "esriinfo-media",
  "media",
  "Maps",
  "maps"
]
<15>1 2018-04-06T22:47:00Z localhost Survey123forArcGIS 19406 - [AppStudio@11205 category="qml" function="" filename="XFormMapSettings.qml" line="189"] qml: Adding private maps folder: {
  "recursive": true,
  "url": "file:///sdcard/ArcGIS/My Surveys/7b574c1e08a94f7488326a5cc25debc3/esriinfo/media"
}
<15>1 2018-04-06T22:47:00Z localhost Survey123forArcGIS 19406 - [AppStudio@11205 category="qml" function="" filename="XFormMapSettings.qml" line="209"] qml: Adding maps library folder: {
  "recursive": true,
  "url": "file:///sdcard/ArcGIS/My Surveys/Maps"
}
<15>1 2018-04-06T22:47:00Z localhost Survey123forArcGIS 19406 - [AppStudio@11205 category="qml" function="refreshImagesInfo" filename="XForm.qml" line="453"] qml: refreshImagesInfo {
  "captureResolution": 0
}
<15>1 2018-04-06T22:47:00Z localhost Survey123forArcGIS 19406 - [AppStudio@11205 category="qml" function="refresh" filename="XForm.qml" line="350"] qml: instanceName: xls-7b574c1e08a94f7488326a5cc25debc3
<15>1 2018-04-06T22:47:00Z localhost Survey123forArcGIS 19406 - [AppStudio@11205 category="qml" function="refresh" filename="XForm.qml" line="356"] qml: version: 
<15>1 2018-04-06T22:47:00Z localhost Survey123forArcGIS 19406 - [AppStudio@11205 category="qml" function="refresh" filename="XForm.qml" line="363"] qml: layoutStyle: 
<12>1 2018-04-06T22:47:00Z localhost Survey123forArcGIS 19406 - [AppStudio@11205 category="default" filename="XForm.qml" line="1836"] qrc:/qml/XForms/XForm.qml:1836:9: QML XFormGroupControl: Binding loop detected for property "implicitWidth"
<12>1 2018-04-06T22:47:00Z localhost Survey123forArcGIS 19406 - [AppStudio@11205 category="default" filename="XForm.qml" line="1836"] qrc:/qml/XForms/XForm.qml:1836:9: QML XFormGroupControl: Binding loop detected for property "implicitWidth"
<12>1 2018-04-06T22:47:00Z localhost Survey123forArcGIS 19406 - [AppStudio@11205 category="default"] QFSFileEngine::open: No file name specified
<12>1 2018-04-06T22:47:00Z localhost Survey123forArcGIS 19406 - [AppStudio@11205 category="default"] QFSFileEngine::open: No file name specified
<12>1 2018-04-06T22:47:00Z localhost Survey123forArcGIS 19406 - [AppStudio@11205 category="default"] QFSFileEngine::open: No file name specified
<12>1 2018-04-06T22:47:00Z localhost Survey123forArcGIS 19406 - [AppStudio@11205 category="default"] QFSFileEngine::open: No file name specified
<12>1 2018-04-06T22:47:00Z localhost Survey123forArcGIS 19406 - [AppStudio@11205 category="default" filename="XForm.qml" line="1836"] qrc:/qml/XForms/XForm.qml:1836:9: QML XFormGroupControl: Binding loop detected for property "implicitWidth"
<12>1 2018-04-06T22:47:00Z localhost Survey123forArcGIS 19406 - [AppStudio@11205 category="default" filename="XForm.qml" line="1836"] qrc:/qml/XForms/XForm.qml:1836:9: QML XFormGroupControl: Binding loop detected for property "implicitWidth"
<15>1 2018-04-06T22:47:00Z localhost Survey123forArcGIS 19406 - [AppStudio@11205 category="qml" function="addControlNode" filename="XForm.qml" line="940"] qml: addControlNode /xls-7b574c1e08a94f7488326a5cc25debc3/surveyDescription XFormNoteControl_QMLTYPE_434(0x92efcd40)
<12>1 2018-04-06T22:47:00Z localhost Survey123forArcGIS 19406 - [AppStudio@11205 category="default" filename="XForm.qml" line="1836"] qrc:/qml/XForms/XForm.qml:1836:9: QML XFormGroupControl: Binding loop detected for property "implicitWidth"
<12>1 2018-04-06T22:47:00Z localhost Survey123forArcGIS 19406 - [AppStudio@11205 category="default" filename="XForm.qml" line="1836"] qrc:/qml/XForms/XForm.qml:1836:9: QML XFormGroupControl: Binding loop detected for property "implicitWidth"
<12>1 2018-04-06T22:47:00Z localhost Survey123forArcGIS 19406 - [AppStudio@11205 category="default"] QFSFileEngine::open: No file name specified
<12>1 2018-04-06T22:47:00Z localhost Survey123forArcGIS 19406 - [AppStudio@11205 category="default"] QFSFileEngine::open: No file name specified
<12>1 2018-04-06T22:47:00Z localhost Survey123forArcGIS 19406 - [AppStudio@11205 category="default"] QFSFileEngine::open: No file name specified
<12>1 2018-04-06T22:47:00Z localhost Survey123forArcGIS 19406 - [AppStudio@11205 category="default"] QFSFileEngine::open: No file name specified
<12>1 2018-04-06T22:47:00Z localhost Survey123forArcGIS 19406 - [AppStudio@11205 category="default" filename="XForm.qml" line="1836"] qrc:/qml/XForms/XForm.qml:1836:9: QML XFormGroupControl: Binding loop detected for property "implicitWidth"
<12>1 2018-04-06T22:47:00Z localhost Survey123forArcGIS 19406 - [AppStudio@11205 category="default" filename="XForm.qml" line="1836"] qrc:/qml/XForms/XForm.qml:1836:9: QML XFormGroupControl: Binding loop detected for property "implicitWidth"
<15>1 2018-04-06T22:47:00Z localhost Survey123forArcGIS 19406 - [AppStudio@11205 category="qml" function="addControlNode" filename="XForm.qml" line="940"] qml: addControlNode /xls-7b574c1e08a94f7488326a5cc25debc3/field_3 XFormInputControl_QMLTYPE_464(0x92e6e540)
<12>1 2018-04-06T22:47:00Z localhost Survey123forArcGIS 19406 - [AppStudio@11205 category="default" filename="XForm.qml" line="1836"] qrc:/qml/XForms/XForm.qml:1836:9: QML XFormGroupControl: Binding loop detected for property "implicitWidth"
<12>1 2018-04-06T22:47:00Z localhost Survey123forArcGIS 19406 - [AppStudio@11205 category="default" filename="XForm.qml" line="1836"] qrc:/qml/XForms/XForm.qml:1836:9: QML XFormGroupControl: Binding loop detected for property "implicitWidth"
<12>1 2018-04-06T22:47:00Z localhost Survey123forArcGIS 19406 - [AppStudio@11205 category="default"] QFSFileEngine::open: No file name specified
<12>1 2018-04-06T22:47:00Z localhost Survey123forArcGIS 19406 - [AppStudio@11205 category="default"] QFSFileEngine::open: No file name specified
<12>1 2018-04-06T22:47:00Z localhost Survey123forArcGIS 19406 - [AppStudio@11205 category="default"] QFSFileEngine::open: No file name specified
<12>1 2018-04-06T22:47:00Z localhost Survey123forArcGIS 19406 - [AppStudio@11205 category="default"] QFSFileEngine::open: No file name specified
<12>1 2018-04-06T22:47:00Z localhost Survey123forArcGIS 19406 - [AppStudio@11205 category="default" filename="XForm.qml" line="1836"] qrc:/qml/XForms/XForm.qml:1836:9: QML XFormGroupControl: Binding loop detected for property "implicitWidth"
<12>1 2018-04-06T22:47:00Z localhost Survey123forArcGIS 19406 - [AppStudio@11205 category="default" filename="XForm.qml" line="1836"] qrc:/qml/XForms/XForm.qml:1836:9: QML XFormGroupControl: Binding loop detected for property "implicitWidth"
<15>1 2018-04-06T22:47:00Z localhost Survey123forArcGIS 19406 - [AppStudio@11205 category="qml" function="addControlNode" filename="XForm.qml" line="940"] qml: addControlNode /xls-7b574c1e08a94f7488326a5cc25debc3/field_5 XFormInputControl_QMLTYPE_464(0x92d2da60)
<12>1 2018-04-06T22:47:00Z localhost Survey123forArcGIS 19406 - [AppStudio@11205 category="default" filename="XForm.qml" line="1836"] qrc:/qml/XForms/XForm.qml:1836:9: QML XFormGroupControl: Binding loop detected for property "implicitWidth"
<12>1 2018-04-06T22:47:00Z localhost Survey123forArcGIS 19406 - [AppStudio@11205 category="default" filename="XForm.qml" line="1836"] qrc:/qml/XForms/XForm.qml:1836:9: QML XFormGroupControl: Binding loop detected for property "implicitWidth"
<12>1 2018-04-06T22:47:00Z localhost Survey123forArcGIS 19406 - [AppStudio@11205 category="default"] QFSFileEngine::open: No file name specified
<12>1 2018-04-06T22:47:00Z localhost Survey123forArcGIS 19406 - [AppStudio@11205 category="default"] QFSFileEngine::open: No file name specified
<12>1 2018-04-06T22:47:00Z localhost Survey123forArcGIS 19406 - [AppStudio@11205 category="default"] QFSFileEngine::open: No file name specified
<12>1 2018-04-06T22:47:00Z localhost Survey123forArcGIS 19406 - [AppStudio@11205 category="default"] QFSFileEngine::open: No file name specified
<12>1 2018-04-06T22:47:00Z localhost Survey123forArcGIS 19406 - [AppStudio@11205 category="default" filename="XForm.qml" line="1836"] qrc:/qml/XForms/XForm.qml:1836:9: QML XFormGroupControl: Binding loop detected for property "implicitWidth"
<12>1 2018-04-06T22:47:00Z localhost Survey123forArcGIS 19406 - [AppStudio@11205 category="default" filename="XForm.qml" line="1836"] qrc:/qml/XForms/XForm.qml:1836:9: QML XFormGroupControl: Binding loop detected for property "implicitWidth"
<10>1 2018-04-06T22:47:00Z localhost Survey123forArcGIS 19406 - [AppStudio@11205 category="qml" function="setValue" filename="XFormData.qml" line="373"] qml: setValue: No matching field for nodeset: /xls-7b574c1e08a94f7488326a5cc25debc3/field_4
<12>1 2018-04-06T22:47:00Z localhost Survey123forArcGIS 19406 - [AppStudio@11205 category="default" filename="ImageDrawable.qml" line="49"] qrc:/qt-project.org/imports/QtQuick/Controls/Styles/Android/drawables/ImageDrawable.qml:49:5: QML Image: Cannot open: qrc:/data/user/0/com.esri.survey123/qt-reserved-files/android-style/480/textViewStyle_TextView_textSelectHandle.png
<12>1 2018-04-06T22:47:00Z localhost Survey123forArcGIS 19406 - [AppStudio@11205 category="default" filename="ImageDrawable.qml" line="49"] qrc:/qt-project.org/imports/QtQuick/Controls/Styles/Android/drawables/ImageDrawable.qml:49:5: QML Image: Cannot open: qrc:/data/user/0/com.esri.survey123/qt-reserved-files/android-style/480/textViewStyle_TextView_textSelectHandleLeft.png
<10>1 2018-04-06T22:47:00Z localhost Survey123forArcGIS 19406 - [AppStudio@11205 category="qml" function="setValue" filename="XFormData.qml" line="373"] qml: setValue: No matching field for nodeset: /xls-7b574c1e08a94f7488326a5cc25debc3/field_4
<12>1 2018-04-06T22:47:00Z localhost Survey123forArcGIS 19406 - [AppStudio@11205 category="default"] QFSFileEngine::open: No file name specified
<12>1 2018-04-06T22:47:00Z localhost Survey123forArcGIS 19406 - [AppStudio@11205 category="default"] QFSFileEngine::open: No file name specified
<15>1 2018-04-06T22:47:00Z localhost Survey123forArcGIS 19406 - [AppStudio@11205 category="qml" function="addControlNode" filename="XForm.qml" line="940"] qml: addControlNode /xls-7b574c1e08a94f7488326a5cc25debc3/field_4 XFormMultiLineControl_QMLTYPE_470(0x92c0aa40)
<12>1 2018-04-06T22:47:00Z localhost Survey123forArcGIS 19406 - [AppStudio@11205 category="default" filename="XForm.qml" line="1836"] qrc:/qml/XForms/XForm.qml:1836:9: QML XFormGroupControl: Binding loop detected for property "implicitWidth"
<12>1 2018-04-06T22:47:00Z localhost Survey123forArcGIS 19406 - [AppStudio@11205 category="default" filename="XForm.qml" line="1836"] qrc:/qml/XForms/XForm.qml:1836:9: QML XFormGroupControl: Binding loop detected for property "implicitWidth"
<12>1 2018-04-06T22:47:00Z localhost Survey123forArcGIS 19406 - [AppStudio@11205 category="default"] QFSFileEngine::open: No file name specified
<12>1 2018-04-06T22:47:00Z localhost Survey123forArcGIS 19406 - [AppStudio@11205 category="default"] QFSFileEngine::open: No file name specified
<12>1 2018-04-06T22:47:00Z localhost Survey123forArcGIS 19406 - [AppStudio@11205 category="default"] QFSFileEngine::open: No file name specified
<12>1 2018-04-06T22:47:00Z localhost Survey123forArcGIS 19406 - [AppStudio@11205 category="default"] QFSFileEngine::open: No file name specified
<12>1 2018-04-06T22:47:00Z localhost Survey123forArcGIS 19406 - [AppStudio@11205 category="default" filename="XForm.qml" line="1836"] qrc:/qml/XForms/XForm.qml:1836:9: QML XFormGroupControl: Binding loop detected for property "implicitWidth"
<12>1 2018-04-06T22:47:00Z localhost Survey123forArcGIS 19406 - [AppStudio@11205 category="default" filename="XForm.qml" line="1836"] qrc:/qml/XForms/XForm.qml:1836:9: QML XFormGroupControl: Binding loop detected for property "implicitWidth"
<15>1 2018-04-06T22:47:00Z localhost Survey123forArcGIS 19406 - [AppStudio@11205 category="qml" function="createUpload" filename="XForm.qml" line="1329"] qml: mediatype: image/* type: image appearance: undefined
<12>1 2018-04-06T22:47:00Z localhost Survey123forArcGIS 19406 - [AppStudio@11205 category="default"] libpng warning: iCCP: known incorrect sRGB profile
<12>1 2018-04-06T22:47:00Z localhost Survey123forArcGIS 19406 - [AppStudio@11205 category="default"] QFSFileEngine::open: No file name specified
<15>1 2018-04-06T22:47:00Z localhost Survey123forArcGIS 19406 - [AppStudio@11205 category="qml" function="onCompleted" filename="XFormImageControl.qml" line="76"] qml: image prefix: field_2
<15>1 2018-04-06T22:47:00Z localhost Survey123forArcGIS 19406 - [AppStudio@11205 category="qml" function="addControlNode" filename="XForm.qml" line="940"] qml: addControlNode /xls-7b574c1e08a94f7488326a5cc25debc3/field_2 XFormImageControl_QMLTYPE_418(0x92be78c0)
<12>1 2018-04-06T22:47:00Z localhost Survey123forArcGIS 19406 - [AppStudio@11205 category="default" filename="XForm.qml" line="1836"] qrc:/qml/XForms/XForm.qml:1836:9: QML XFormGroupControl: Binding loop detected for property "implicitWidth"
<12>1 2018-04-06T22:47:00Z localhost Survey123forArcGIS 19406 - [AppStudio@11205 category="default" filename="XForm.qml" line="1836"] qrc:/qml/XForms/XForm.qml:1836:9: QML XFormGroupControl: Binding loop detected for property "implicitWidth"
<12>1 2018-04-06T22:47:00Z localhost Survey123forArcGIS 19406 - [AppStudio@11205 category="default"] QFSFileEngine::open: No file name specified
<12>1 2018-04-06T22:47:00Z localhost Survey123forArcGIS 19406 - [AppStudio@11205 category="default"] QFSFileEngine::open: No file name specified
<12>1 2018-04-06T22:47:00Z localhost Survey123forArcGIS 19406 - [AppStudio@11205 category="default"] QFSFileEngine::open: No file name specified
<12>1 2018-04-06T22:47:00Z localhost Survey123forArcGIS 19406 - [AppStudio@11205 category="default"] QFSFileEngine::open: No file name specified
<12>1 2018-04-06T22:47:00Z localhost Survey123forArcGIS 19406 - [AppStudio@11205 category="default" filename="XForm.qml" line="1836"] qrc:/qml/XForms/XForm.qml:1836:9: QML XFormGroupControl: Binding loop detected for property "implicitWidth"
<12>1 2018-04-06T22:47:00Z localhost Survey123forArcGIS 19406 - [AppStudio@11205 category="default" filename="XForm.qml" line="1836"] qrc:/qml/XForms/XForm.qml:1836:9: QML XFormGroupControl: Binding loop detected for property "implicitWidth"
<14>1 2018-04-06T22:47:01Z localhost Survey123forArcGIS 19406 - [AppStudio@11205 category="default"] Plugin: AppStudio Type: geoservices Version: 2.1.15
<12>1 2018-04-06T22:47:01Z localhost Survey123forArcGIS 19406 - [AppStudio@11205 category="default" filename="ImageDrawable.qml" line="49"] qrc:/qt-project.org/imports/QtQuick/Controls/Styles/Android/drawables/ImageDrawable.qml:49:5: QML Image: Cannot open: qrc:/data/user/0/com.esri.survey123/qt-reserved-files/android-style/480/progressBarStyle_ProgressBar_indeterminateDrawable__0.png
<12>1 2018-04-06T22:47:01Z localhost Survey123forArcGIS 19406 - [AppStudio@11205 category="default" filename="ImageDrawable.qml" line="49"] qrc:/qt-project.org/imports/QtQuick/Controls/Styles/Android/drawables/ImageDrawable.qml:49:5: QML Image: Cannot open: qrc:/data/user/0/com.esri.survey123/qt-reserved-files/android-style/480/progressBarStyle_ProgressBar_indeterminateDrawable__1.png
<12>1 2018-04-06T22:47:01Z localhost Survey123forArcGIS 19406 - [AppStudio@11205 category="default" filename="ImageDrawable.qml" line="49"] qrc:/qt-project.org/imports/QtQuick/Controls/Styles/Android/drawables/ImageDrawable.qml:49:5: QML Image: Cannot open: qrc:/data/user/0/com.esri.survey123/qt-reserved-files/android-style/480/progressBarStyleSmall_ProgressBar_indeterminateDrawable__0.png
<12>1 2018-04-06T22:47:01Z localhost Survey123forArcGIS 19406 - [AppStudio@11205 category="default" filename="ImageDrawable.qml" line="49"] qrc:/qt-project.org/imports/QtQuick/Controls/Styles/Android/drawables/ImageDrawable.qml:49:5: QML Image: Cannot open: qrc:/data/user/0/com.esri.survey123/qt-reserved-files/android-style/480/progressBarStyleSmall_ProgressBar_indeterminateDrawable__1.png
<12>1 2018-04-06T22:47:01Z localhost Survey123forArcGIS 19406 - [AppStudio@11205 category="default" filename="XForm.qml" line="1923"] qrc:/qml/XForms/XForm.qml:1923:9: QML XFormGeopointControl: Binding loop detected for property "implicitWidth"
<12>1 2018-04-06T22:47:01Z localhost Survey123forArcGIS 19406 - [AppStudio@11205 category="default" filename="XForm.qml" line="1923"] qrc:/qml/XForms/XForm.qml:1923:9: QML XFormGeopointControl: Binding loop detected for property "implicitWidth"
<12>1 2018-04-06T22:47:01Z localhost Survey123forArcGIS 19406 - [AppStudio@11205 category="default"] QFSFileEngine::open: No file name specified
<12>1 2018-04-06T22:47:01Z localhost Survey123forArcGIS 19406 - [AppStudio@11205 category="default" filename="XForm.qml" line="1923"] qrc:/qml/XForms/XForm.qml:1923:9: QML XFormGeopointControl: Binding loop detected for property "implicitWidth"
<12>1 2018-04-06T22:47:01Z localhost Survey123forArcGIS 19406 - [AppStudio@11205 category="default" filename="XForm.qml" line="1923"] qrc:/qml/XForms/XForm.qml:1923:9: QML XFormGeopointControl: Binding loop detected for property "implicitWidth"
<15>1 2018-04-06T22:47:01Z localhost Survey123forArcGIS 19406 - [AppStudio@11205 category="qml" function="activate" filename="XFormPositionSourceManager.qml" line="125"] qml: Activate positionSource referenceCount: 1 active: false
<15>1 2018-04-06T22:47:01Z localhost Survey123forArcGIS 19406 - [AppStudio@11205 category="qml" function="addControlNode" filename="XForm.qml" line="940"] qml: addControlNode /xls-7b574c1e08a94f7488326a5cc25debc3/field_1 XFormGeopointControl_QMLTYPE_344(0x906639a0)
<15>1 2018-04-06T22:47:01Z localhost Survey123forArcGIS 19406 - [AppStudio@11205 category="qml" function="refresh" filename="XForm.qml" line="368"] qml: Media folder: true /sdcard/ArcGIS/My Surveys/7b574c1e08a94f7488326a5cc25debc3/esriinfo/media
<15>1 2018-04-06T22:47:01Z localhost Survey123forArcGIS 19406 - [AppStudio@11205 category="qml" function="refresh" filename="XForm.qml" line="369"] qml: Extensions folder: false /sdcard/ArcGIS/My Surveys/7b574c1e08a94f7488326a5cc25debc3/esriinfo/extensions
<15>1 2018-04-06T22:47:01Z localhost Survey123forArcGIS 19406 - [AppStudio@11205 category="qml" function="update" filename="XFormSchema.qml" line="46"] qml: Update table schema: {
  "#nodes": [
    "instance",
    "bind[0]",
    "bind[1]",
    "bind[2]",
    "bind[3]",
    "bind[4]",
    "bind[5]",
    "bind[6]"
  ],
  "bind": [
    {
      "@nodeset": "/xls-7b574c1e08a94f7488326a5cc25debc3/surveyDescription",
      "@readonly": "true()",
      "@type": "string"
    },
    {
      "@jr:requiredMsg": "This is a required question - Clue Title",
      "@nodeset": "/xls-7b574c1e08a94f7488326a5cc25debc3/field_3",
      "@required": "true()",
      "@type": "string"
    },
    {
      "@jr:requiredMsg": "This is a required question - Collector Name",
      "@nodeset": "/xls-7b574c1e08a94f7488326a5cc25debc3/field_5",
      "@required": "true()",
      "@type": "string"
    },
    {
      "@nodeset": "/xls-7b574c1e08a94f7488326a5cc25debc3/field_4",
      "@type": "string"
    },
    {
      "@nodeset": "/xls-7b574c1e08a94f7488326a5cc25debc3/field_2",
      "@type": "binary"
    },
    {
      "@jr:requiredMsg": "This is a required question - Clue location",
      "@nodeset": "/xls-7b574c1e08a94f7488326a5cc25debc3/field_1",
      "@required": "true()",
      "@type": "geopoint"
    },
    {
      "@calculate": "concat('uuid:', uuid())",
      "@nodeset": "/xls-7b574c1e08a94f7488326a5cc25debc3/meta/instanceID",
      "@readonly": "true()",
      "@type": "string"
    }
  ],
  "instance": {
    "#nodes": [
      "xls-7b574c1e08a94f7488326a5cc25debc3"
    ],
    "xls-7b574c1e08a94f7488326a5cc25debc3": {
      "#nodes": [
        "surveyDescription",
        "field_3",
        "field_5",
        "field_4",
        "field_2",
        "field_1",
        "meta"
      ],
      "@id": "surveyPoint",
      "field_1": null,
      "field_2": null,
      "field_3": null,
      "field_4": null,
      "field_5": null,
      "meta": {
        "#nodes": [
          "instanceID"
        ],
        "instanceID": null
      },
      "surveyDescription": null
    }
  }
}
<15>1 2018-04-06T22:47:01Z localhost Survey123forArcGIS 19406 - [AppStudio@11205 category="qml" function="update" filename="XFormSchema.qml" line="47"] qml: repeatNodesets: []
<15>1 2018-04-06T22:47:01Z localhost Survey123forArcGIS 19406 - [AppStudio@11205 category="qml" function="buildSchema" filename="XFormSchema.qml" line="98"] qml: schema table: xls-7b574c1e08a94f7488326a5cc25debc3 nodeset: /xls-7b574c1e08a94f7488326a5cc25debc3 binding: {}
<15>1 2018-04-06T22:47:01Z localhost Survey123forArcGIS 19406 - [AppStudio@11205 category="qml" function="buildSchema" filename="XFormSchema.qml" line="98"] qml: schema table: meta nodeset: /xls-7b574c1e08a94f7488326a5cc25debc3/meta binding: {}
<15>1 2018-04-06T22:47:01Z localhost Survey123forArcGIS 19406 - [AppStudio@11205 category="qml" function="buildSchema" filename="XFormSchema.qml" line="206"] qml: Skipping meta/instanceID /xls-7b574c1e08a94f7488326a5cc25debc3/meta/instanceID
<15>1 2018-04-06T22:47:01Z localhost Survey123forArcGIS 19406 - [AppStudio@11205 category="qml" function="bindCalculates" filename="XForm.qml" line="479"] qml: Binding calculates for: xls-7b574c1e08a94f7488326a5cc25debc3 /xls-7b574c1e08a94f7488326a5cc25debc3
<15>1 2018-04-06T22:47:01Z localhost Survey123forArcGIS 19406 - [AppStudio@11205 category="qml" function="activate" filename="XFormPositionSourceManager.qml" line="125"] qml: Activate positionSource referenceCount: 2 active: false
<15>1 2018-04-06T22:47:01Z localhost Survey123forArcGIS 19406 - [AppStudio@11205 category="qml" function="refresh" filename="XForm.qml" line="385"] qml: Updating expressions
<15>1 2018-04-06T22:47:01Z localhost Survey123forArcGIS 19406 - [AppStudio@11205 category="qml" function="getFavorite" filename="XFormsDatabase.qml" line="485"] qml: getFavorite /sdcard/ArcGIS/My Surveys/7b574c1e08a94f7488326a5cc25debc3/esriinfo/form.xml row: {}
<15>1 2018-04-06T22:47:01Z localhost Survey123forArcGIS 19406 - [AppStudio@11205 category="qml" function="onReady" filename="SurveyView.qml" line="584"] qml: Review mode: false rowid: null rowData: undefined
<15>1 2018-04-06T22:47:01Z localhost Survey123forArcGIS 19406 - [AppStudio@11205 category="default"] Survey Load: 1069ms
<15>1 2018-04-06T22:47:01Z localhost Survey123forArcGIS 19406 - [AppStudio@11205 category="default"] APPSTUDIO_POSITION_DESIRED_ACCURACY "HIGHEST" 0 false
<15>1 2018-04-06T22:47:01Z localhost Survey123forArcGIS 19406 - [AppStudio@11205 category="default"] void QGeoPositionInfoSourceAndroid::setPositioningMethods(bool) Adding Network location provider
<15>1 2018-04-06T22:47:01Z localhost Survey123forArcGIS 19406 - [AppStudio@11205 category="qml" function="onActiveChanged" filename="XFormPositionSourceManager.qml" line="52"] qml: positionSource.active: true
<15>1 2018-04-06T22:47:04Z localhost Survey123forArcGIS 19406 - [AppStudio@11205 category="qml" function="onPositionChanged" filename="XFormPositionSourceManager.qml" line="68"] qml: newPosition: Fri Apr 6 16:47:04 2018 GMT-0600 coordinate: 38.5321182 -105.9919117 0
<15>1 2018-04-06T22:47:04Z localhost Survey123forArcGIS 19406 - [AppStudio@11205 category="qml" function="release" filename="XFormPositionSourceManager.qml" line="149"] qml: Release positionSource referenceCount: 1 active: true
<15>1 2018-04-06T22:47:04Z localhost Survey123forArcGIS 19406 - [AppStudio@11205 category="qml" function="onActiveChanged" filename="XFormPositionSourceManager.qml" line="52"] qml: positionSource.active: false
<15>1 2018-04-06T22:47:04Z localhost Survey123forArcGIS 19406 - [AppStudio@11205 category="qml" function="release" filename="XFormPositionSourceManager.qml" line="149"] qml: Release positionSource referenceCount: 0 active: false
<15>1 2018-04-06T22:47:04Z localhost Survey123forArcGIS 19406 - [AppStudio@11205 category="qml" function="toObject" filename="XFormGeoposition.qml" line="164"] qml: Geoposition toObject: {
  "spatialReference": {
    "wkid": 4326
  },
  "type": "point",
  "x": -105.9919117,
  "y": 38.5321182,
  "z": 0,
  "speed": 0,
  "direction": 0,
  "horizontalAccuracy": 19.648000717163086
}
<15>1 2018-04-06T22:47:12Z localhost Survey123forArcGIS 19406 - [AppStudio@11205 category="qml" function="onControlFocusChanged" filename="XForm.qml" line="125"] qml: Focus change saveIncomplete: {"@jr:requiredMsg":"This is a required question - Clue Title","@nodeset":"/xls-7b574c1e08a94f7488326a5cc25debc3/field_3","@required":"true()","@type":"string"} TextField_QMLTYPE_96(0x92e6e720)
<15>1 2018-04-06T22:47:12Z localhost Survey123forArcGIS 19406 - [AppStudio@11205 category="qml" function="saveIncomplete" filename="SurveyView.qml" line="710"] qml: Saving incomplete draft
<15>1 2018-04-06T22:47:12Z localhost Survey123forArcGIS 19406 - [AppStudio@11205 category="qml" function="finalize" filename="XForm.qml" line="539"] qml: Finalizing values
<15>1 2018-04-06T22:47:18Z localhost Survey123forArcGIS 19406 - [AppStudio@11205 category="qml" function="onControlFocusChanged" filename="XForm.qml" line="125"] qml: Focus change saveIncomplete: {"@jr:requiredMsg":"This is a required question - Collector Name","@nodeset":"/xls-7b574c1e08a94f7488326a5cc25debc3/field_5","@required":"true()","@type":"string"} TextField_QMLTYPE_96(0x92d2dc40)
<15>1 2018-04-06T22:47:18Z localhost Survey123forArcGIS 19406 - [AppStudio@11205 category="qml" function="saveIncomplete" filename="SurveyView.qml" line="710"] qml: Saving incomplete draft
<15>1 2018-04-06T22:47:18Z localhost Survey123forArcGIS 19406 - [AppStudio@11205 category="qml" function="finalize" filename="XForm.qml" line="539"] qml: Finalizing values
<15>1 2018-04-06T22:47:18Z localhost Survey123forArcGIS 19406 - [AppStudio@11205 category="qml" function="finalize" filename="XForm.qml" line="539"] qml: Finalizing values
<15>1 2018-04-06T22:47:18Z localhost Survey123forArcGIS 19406 - [AppStudio@11205 category="qml" function="checkCalculateConstraints" filename="XFormData.qml" line="1300"] qml: ** checkCalculateContraints **
<15>1 2018-04-06T22:47:18Z localhost Survey123forArcGIS 19406 - [AppStudio@11205 category="qml" function="checkControlConstraints" filename="XFormData.qml" line="1323"] qml: checkControlConstraints
<12>1 2018-04-06T22:47:18Z localhost Survey123forArcGIS 19406 - [AppStudio@11205 category="default"] libpng warning: iCCP: known incorrect sRGB profile
<15>1 2018-04-06T22:47:20Z localhost Survey123forArcGIS 19406 - [AppStudio@11205 category="qml" function="finalize" filename="XForm.qml" line="539"] qml: Finalizing values
<15>1 2018-04-06T22:47:20Z localhost Survey123forArcGIS 19406 - [AppStudio@11205 category="qml" function="featureValue" filename="XFormData.qml" line="757"] qml: Skip meta value transform: undefined
<15>1 2018-04-06T22:47:20Z localhost Survey123forArcGIS 19406 - [AppStudio@11205 category="qml" function="toFeatureData" filename="XFormData.qml" line="1007"] qml: edits: [
  {
    "attachments": [
      []
    ],
    "id": "%surveyPoint",
    "adds": [
      {
        "attributes": {
          "field_3": "Debug text test",
          "field_5": "Justin"
        },
        "geometry": {
          "spatialReference": {
            "wkid": 4326
          },
          "x": -105.9919117,
          "y": 38.5321182,
          "z": 0
        }
      }
    ]
  }
]
<15>1 2018-04-06T22:47:20Z localhost Survey123forArcGIS 19406 - [AppStudio@11205 category="qml" function="save" filename="SurveyView.qml" line="703"] qml: row added: 42
<15>1 2018-04-06T22:47:20Z localhost Survey123forArcGIS 19406 - [AppStudio@11205 category="qml" function="onWebhooksChanged" filename="XFormWebhooks.qml" line="37"] qml: onWebhooksChanged: undefined
<15>1 2018-04-06T22:47:20Z localhost Survey123forArcGIS 19406 - [AppStudio@11205 category="qml" function="onWebhooksChanged" filename="XFormWebhooks.qml" line="37"] qml: onWebhooksChanged: undefined
<15>1 2018-04-06T22:47:20Z localhost Survey123forArcGIS 19406 - [AppStudio@11205 category="qml" function="onWebhooksChanged" filename="XFormWebhooks.qml" line="37"] qml: onWebhooksChanged: undefined
<12>1 2018-04-06T22:47:20Z localhost Survey123forArcGIS 19406 - [AppStudio@11205 category="qml" function="metaValue" filename="XFormData.qml" line="1495"] qml: metaValue: Schema not ready
<15>1 2018-04-06T22:47:20Z localhost Survey123forArcGIS 19406 - [AppStudio@11205 category="qml" function="onInstanceChanged" filename="XFormData.qml" line="75"] qml: Data editMode: 0
<15>1 2018-04-06T22:47:20Z localhost Survey123forArcGIS 19406 - [AppStudio@11205 category="qml" function="onFeatureServiceInfoChanged" filename="XFormFeatureService.qml" line="654"] qml: featureServiceInfo: null
<15>1 2018-04-06T22:47:20Z localhost Survey123forArcGIS 19406 - [AppStudio@11205 category="qml" function="readInfo" filename="SurveyInfo.qml" line="71"] qml: surveyInfo: {
  "displayInfo": {
    "map": {
      "coordinateFormat": null,
      "defaultType": {
        "name": null
      },
      "home": {
        "latitude": -71148808.92027593,
        "longitude": 704443.6526759937,
        "zoomLevel": 0
      },
      "preview": {
        "coordinateFormat": null,
        "zoomLevel": 0
      }
    },
    "style": {
      "backgroundColor": null,
      "backgroundImage": null,
      "inputBackgroundColor": null,
      "inputTextColor": null,
      "textColor": null,
      "toolbarBackgroundColor": "#31872e",
      "toolbarTextColor": "#ffffff"
    }
  },
  "imagesInfo": {
    "captureResolution": 0
  },
  "serviceInfo": {
    "itemId": "4330c360cc1640c58de0013efcc008de",
    "type": "Feature Service",
    "url": "https://services2.arcgis.com/4VBZFeVR0gsH4uni/arcgis/rest/services/survey123_7b574c1e08a94f7488326a5cc25debc3/FeatureServer"
  }
}
<15>1 2018-04-06T22:47:20Z localhost Survey123forArcGIS 19406 - [AppStudio@11205 category="qml" function="updateMapPackages" filename="SurveyInfo.qml" line="97"] qml: Primary library path: /sdcard/ArcGIS/My Surveys/Maps
<12>1 2018-04-06T22:47:20Z localhost Survey123forArcGIS 19406 - [AppStudio@11205 category="default"] QFSFileEngine::open: No file name specified
<12>1 2018-04-06T22:47:20Z localhost Survey123forArcGIS 19406 - [AppStudio@11205 category="default"] QFSFileEngine::open: No file name specified
<12>1 2018-04-06T22:47:20Z localhost Survey123forArcGIS 19406 - [AppStudio@11205 category="default"] QFSFileEngine::open: No file name specified
<12>1 2018-04-06T22:47:20Z localhost Survey123forArcGIS 19406 - [AppStudio@11205 category="default"] QFSFileEngine::open: No file name specified
<12>1 2018-04-06T22:47:20Z localhost Survey123forArcGIS 19406 - [AppStudio@11205 category="default"] QFSFileEngine::open: No file name specified
<12>1 2018-04-06T22:47:20Z localhost Survey123forArcGIS 19406 - [AppStudio@11205 category="default"] QFSFileEngine::open: No file name specified
<15>1 2018-04-06T22:47:20Z localhost Survey123forArcGIS 19406 - [AppStudio@11205 category="qml" function="addDefaultMapSources" filename="XFormMapSettings.qml" line="220"] qml: Reading default map sources: qrc:/qml/XForms/XFormMapSettings.json
<12>1 2018-04-06T22:47:20Z localhost Survey123forArcGIS 19406 - [AppStudio@11205 category="default"] QFSFileEngine::open: No file name specified
<12>1 2018-04-06T22:47:20Z localhost Survey123forArcGIS 19406 - [AppStudio@11205 category="default"] QFSFileEngine::open: No file name specified
<12>1 2018-04-06T22:47:20Z localhost Survey123forArcGIS 19406 - [AppStudio@11205 category="default"] QFSFileEngine::open: No file name specified
<12>1 2018-04-06T22:47:20Z localhost Survey123forArcGIS 19406 - [AppStudio@11205 category="default"] QFSFileEngine::open: No file name specified
<12>1 2018-04-06T22:47:20Z localhost Survey123forArcGIS 19406 - [AppStudio@11205 category="default"] libpng warning: iCCP: known incorrect sRGB profile
<12>1 2018-04-06T22:47:20Z localhost Survey123forArcGIS 19406 - [AppStudio@11205 category="default"] libpng warning: iCCP: known incorrect sRGB profile
<12>1 2018-04-06T22:47:20Z localhost Survey123forArcGIS 19406 - [AppStudio@11205 category="default"] libpng warning: iCCP: known incorrect sRGB profile
<15>1 2018-04-06T22:47:20Z localhost Survey123forArcGIS 19406 - [AppStudio@11205 category="qml" function="onCompleted" filename="SurveysListPage.qml" line="84"] qml: SurveysListPage: /sdcard/ArcGIS/My Surveys/7b574c1e08a94f7488326a5cc25debc3/esriinfo/form.xml
<15>1 2018-04-06T22:47:20Z localhost Survey123forArcGIS 19406 - [AppStudio@11205 category="qml" function="update" filename="XFormSchema.qml" line="46"] qml: Update table schema: {
  "#nodes": [
    "instance",
    "bind[0]",
    "bind[1]",
    "bind[2]",
    "bind[3]",
    "bind[4]",
    "bind[5]",
    "bind[6]"
  ],
  "bind": [
    {
      "@nodeset": "/xls-7b574c1e08a94f7488326a5cc25debc3/surveyDescription",
      "@readonly": "true()",
      "@type": "string"
    },
    {
      "@jr:requiredMsg": "This is a required question - Clue Title",
      "@nodeset": "/xls-7b574c1e08a94f7488326a5cc25debc3/field_3",
      "@required": "true()",
      "@type": "string"
    },
    {
      "@jr:requiredMsg": "This is a required question - Collector Name",
      "@nodeset": "/xls-7b574c1e08a94f7488326a5cc25debc3/field_5",
      "@required": "true()",
      "@type": "string"
    },
    {
      "@nodeset": "/xls-7b574c1e08a94f7488326a5cc25debc3/field_4",
      "@type": "string"
    },
    {
      "@nodeset": "/xls-7b574c1e08a94f7488326a5cc25debc3/field_2",
      "@type": "binary"
    },
    {
      "@jr:requiredMsg": "This is a required question - Clue location",
      "@nodeset": "/xls-7b574c1e08a94f7488326a5cc25debc3/field_1",
      "@required": "true()",
      "@type": "geopoint"
    },
    {
      "@calculate": "concat('uuid:', uuid())",
      "@nodeset": "/xls-7b574c1e08a94f7488326a5cc25debc3/meta/instanceID",
      "@readonly": "true()",
      "@type": "string"
    }
  ],
  "instance": {
    "#nodes": [
      "xls-7b574c1e08a94f7488326a5cc25debc3"
    ],
    "xls-7b574c1e08a94f7488326a5cc25debc3": {
      "#nodes": [
        "surveyDescription",
        "field_3",
        "field_5",
        "field_4",
        "field_2",
        "field_1",
        "meta"
      ],
      "@id": "surveyPoint",
      "field_1": null,
      "field_2": null,
      "field_3": null,
      "field_4": null,
      "field_5": null,
      "meta": {
        "#nodes": [
          "instanceID"
        ],
        "instanceID": null
      },
      "surveyDescription": null
    }
  }
}
<15>1 2018-04-06T22:47:20Z localhost Survey123forArcGIS 19406 - [AppStudio@11205 category="qml" function="update" filename="XFormSchema.qml" line="47"] qml: repeatNodesets: []
<15>1 2018-04-06T22:47:20Z localhost Survey123forArcGIS 19406 - [AppStudio@11205 category="qml" function="buildSchema" filename="XFormSchema.qml" line="76"] qml: buildSchema: instance: {
  "#nodes": [
    "surveyDescription",
    "field_3",
    "field_5",
    "field_4",
    "field_2",
    "field_1",
    "meta"
  ],
  "@id": "surveyPoint",
  "field_1": null,
  "field_2": null,
  "field_3": null,
  "field_4": null,
  "field_5": null,
  "meta": {
    "#nodes": [
      "instanceID"
    ],
    "instanceID": null
  },
  "surveyDescription": null,
  "#tag": "xls-7b574c1e08a94f7488326a5cc25debc3"
}
<15>1 2018-04-06T22:47:20Z localhost Survey123forArcGIS 19406 - [AppStudio@11205 category="qml" function="buildSchema" filename="XFormSchema.qml" line="98"] qml: schema table: xls-7b574c1e08a94f7488326a5cc25debc3 nodeset: /xls-7b574c1e08a94f7488326a5cc25debc3 binding: {}
<15>1 2018-04-06T22:47:20Z localhost Survey123forArcGIS 19406 - [AppStudio@11205 category="qml" function="buildSchema" filename="XFormSchema.qml" line="229"] qml: XFormSchema basic mode: surveyDescription
<15>1 2018-04-06T22:47:20Z localhost Survey123forArcGIS 19406 - [AppStudio@11205 category="qml" function="buildSchema" filename="XFormSchema.qml" line="229"] qml: XFormSchema basic mode: field_3
<15>1 2018-04-06T22:47:20Z localhost Survey123forArcGIS 19406 - [AppStudio@11205 category="qml" function="buildSchema" filename="XFormSchema.qml" line="229"] qml: XFormSchema basic mode: field_5
<15>1 2018-04-06T22:47:20Z localhost Survey123forArcGIS 19406 - [AppStudio@11205 category="qml" function="buildSchema" filename="XFormSchema.qml" line="229"] qml: XFormSchema basic mode: field_4
<15>1 2018-04-06T22:47:20Z localhost Survey123forArcGIS 19406 - [AppStudio@11205 category="qml" function="buildSchema" filename="XFormSchema.qml" line="229"] qml: XFormSchema basic mode: field_2
<15>1 2018-04-06T22:47:20Z localhost Survey123forArcGIS 19406 - [AppStudio@11205 category="qml" function="buildSchema" filename="XFormSchema.qml" line="229"] qml: XFormSchema basic mode: field_1
<15>1 2018-04-06T22:47:20Z localhost Survey123forArcGIS 19406 - [AppStudio@11205 category="qml" function="buildSchema" filename="XFormSchema.qml" line="76"] qml: buildSchema: instance: {
  "#nodes": [
    "instanceID"
  ],
  "instanceID": null,
  "#tag": "meta"
}
<15>1 2018-04-06T22:47:20Z localhost Survey123forArcGIS 19406 - [AppStudio@11205 category="qml" function="buildSchema" filename="XFormSchema.qml" line="98"] qml: schema table: meta nodeset: /xls-7b574c1e08a94f7488326a5cc25debc3/meta binding: {}
<15>1 2018-04-06T22:47:20Z localhost Survey123forArcGIS 19406 - [AppStudio@11205 category="qml" function="buildSchema" filename="XFormSchema.qml" line="206"] qml: Skipping meta/instanceID /xls-7b574c1e08a94f7488326a5cc25debc3/meta/instanceID
<15>1 2018-04-06T22:47:20Z localhost Survey123forArcGIS 19406 - [AppStudio@11205 category="qml" function="update" filename="XFormSchema.qml" line="66"] qml: schema: {
  "binding": {},
  "domains": [],
  "esriParameters": {},
  "fields": [
    {
      "attachment": false,
      "autoField": false,
      "binding": {
        "@nodeset": "/xls-7b574c1e08a94f7488326a5cc25debc3/surveyDescription",
        "@readonly": "true()",
        "@type": "string"
      },
      "defaultValue": "",
      "esriFieldAlias": "surveyDescription",
      "esriFieldType": "esriFieldTypeString",
      "esriParameters": {},
      "length": 255,
      "name": "surveyDescription",
      "nodeset": "/xls-7b574c1e08a94f7488326a5cc25debc3/surveyDescription",
      "readonly": true,
      "required": false,
      "tableName": "xls-7b574c1e08a94f7488326a5cc25debc3",
      "type": "string"
    },
    {
      "attachment": false,
      "autoField": false,
      "binding": {
        "@jr:requiredMsg": "This is a required question - Clue Title",
        "@nodeset": "/xls-7b574c1e08a94f7488326a5cc25debc3/field_3",
        "@required": "true()",
        "@type": "string"
      },
      "defaultValue": "",
      "esriFieldAlias": "field_3",
      "esriFieldType": "esriFieldTypeString",
      "esriParameters": {},
      "length": 255,
      "name": "field_3",
      "nodeset": "/xls-7b574c1e08a94f7488326a5cc25debc3/field_3",
      "readonly": false,
      "required": true,
      "requiredMsg": "This is a required question - Clue Title",
      "tableName": "xls-7b574c1e08a94f7488326a5cc25debc3",
      "type": "string"
    },
    {
      "attachment": false,
      "autoField": false,
      "binding": {
        "@jr:requiredMsg": "This is a required question - Collector Name",
        "@nodeset": "/xls-7b574c1e08a94f7488326a5cc25debc3/field_5",
        "@required": "true()",
        "@type": "string"
      },
      "defaultValue": "",
      "esriFieldAlias": "field_5",
      "esriFieldType": "esriFieldTypeString",
      "esriParameters": {},
      "length": 255,
      "name": "field_5",
      "nodeset": "/xls-7b574c1e08a94f7488326a5cc25debc3/field_5",
      "readonly": false,
      "required": true,
      "requiredMsg": "This is a required question - Collector Name",
      "tableName": "xls-7b574c1e08a94f7488326a5cc25debc3",
      "type": "string"
    },
    {
      "attachment": false,
      "autoField": false,
      "binding": {
        "@nodeset": "/xls-7b574c1e08a94f7488326a5cc25debc3/field_4",
        "@type": "string"
      },
      "defaultValue": "",
      "esriFieldAlias": "field_4",
      "esriFieldType": "esriFieldTypeString",
      "esriParameters": {},
      "length": 255,
      "name": "field_4",
      "nodeset": "/xls-7b574c1e08a94f7488326a5cc25debc3/field_4",
      "readonly": false,
      "required": false,
      "tableName": "xls-7b574c1e08a94f7488326a5cc25debc3",
      "type": "string"
    },
    {
      "attachment": true,
      "autoField": false,
      "binding": {
        "@nodeset": "/xls-7b574c1e08a94f7488326a5cc25debc3/field_2",
        "@type": "binary"
      },
      "defaultValue": "",
      "esriFieldAlias": "field_2",
      "esriFieldType": "<attachment>",
      "esriParameters": {},
      "length": 255,
      "name": "field_2",
      "nodeset": "/xls-7b574c1e08a94f7488326a5cc25debc3/field_2",
      "readonly": false,
      "required": false,
      "tableName": "xls-7b574c1e08a94f7488326a5cc25debc3",
      "type": "binary"
    },
    {
      "attachment": false,
      "autoField": false,
      "binding": {
        "@jr:requiredMsg": "This is a required question - Clue location",
        "@nodeset": "/xls-7b574c1e08a94f7488326a5cc25debc3/field_1",
        "@required": "true()",
        "@type": "geopoint"
      },
      "defaultValue": "",
      "esriFieldAlias": "field_1",
      "esriFieldType": "esriFieldTypeGeometry",
      "esriGeometryType": "esriGeometryPoint",
      "esriParameters": {},
      "length": 255,
      "name": "field_1",
      "nodeset": "/xls-7b574c1e08a94f7488326a5cc25debc3/field_1",
      "readonly": false,
      "required": true,
      "requiredMsg": "This is a required question - Clue location",
      "tableName": "xls-7b574c1e08a94f7488326a5cc25debc3",
      "type": "geopoint"
    }
  ],
  "fieldsRef": {
    "surveyDescription": {
      "attachment": false,
      "autoField": false,
      "binding": {
        "@nodeset": "/xls-7b574c1e08a94f7488326a5cc25debc3/surveyDescription",
        "@readonly": "true()",
        "@type": "string"
      },
      "defaultValue": "",
      "esriFieldAlias": "surveyDescription",
      "esriFieldType": "esriFieldTypeString",
      "esriParameters": {},
      "length": 255,
      "name": "surveyDescription",
      "nodeset": "/xls-7b574c1e08a94f7488326a5cc25debc3/surveyDescription",
      "readonly": true,
      "required": false,
      "tableName": "xls-7b574c1e08a94f7488326a5cc25debc3",
      "type": "string"
    },
    "field_3": {
      "attachment": false,
      "autoField": false,
      "binding": {
        "@jr:requiredMsg": "This is a required question - Clue Title",
        "@nodeset": "/xls-7b574c1e08a94f7488326a5cc25debc3/field_3",
        "@required": "true()",
        "@type": "string"
      },
      "defaultValue": "",
      "esriFieldAlias": "field_3",
      "esriFieldType": "esriFieldTypeString",
      "esriParameters": {},
      "length": 255,
      "name": "field_3",
      "nodeset": "/xls-7b574c1e08a94f7488326a5cc25debc3/field_3",
      "readonly": false,
      "required": true,
      "requiredMsg": "This is a required question - Clue Title",
      "tableName": "xls-7b574c1e08a94f7488326a5cc25debc3",
      "type": "string"
    },
    "field_5": {
      "attachment": false,
      "autoField": false,
      "binding": {
        "@jr:requiredMsg": "This is a required question - Collector Name",
        "@nodeset": "/xls-7b574c1e08a94f7488326a5cc25debc3/field_5",
        "@required": "true()",
        "@type": "string"
      },
      "defaultValue": "",
      "esriFieldAlias": "field_5",
      "esriFieldType": "esriFieldTypeString",
      "esriParameters": {},
      "length": 255,
      "name": "field_5",
      "nodeset": "/xls-7b574c1e08a94f7488326a5cc25debc3/field_5",
      "readonly": false,
      "required": true,
      "requiredMsg": "This is a required question - Collector Name",
      "tableName": "xls-7b574c1e08a94f7488326a5cc25debc3",
      "type": "string"
    },
    "field_4": {
      "attachment": false,
      "autoField": false,
      "binding": {
        "@nodeset": "/xls-7b574c1e08a94f7488326a5cc25debc3/field_4",
        "@type": "string"
      },
      "defaultValue": "",
      "esriFieldAlias": "field_4",
      "esriFieldType": "esriFieldTypeString",
      "esriParameters": {},
      "length": 255,
      "name": "field_4",
      "nodeset": "/xls-7b574c1e08a94f7488326a5cc25debc3/field_4",
      "readonly": false,
      "required": false,
      "tableName": "xls-7b574c1e08a94f7488326a5cc25debc3",
      "type": "string"
    },
    "field_2": {
      "attachment": true,
      "autoField": false,
      "binding": {
        "@nodeset": "/xls-7b574c1e08a94f7488326a5cc25debc3/field_2",
        "@type": "binary"
      },
      "defaultValue": "",
      "esriFieldAlias": "field_2",
      "esriFieldType": "<attachment>",
      "esriParameters": {},
      "length": 255,
      "name": "field_2",
      "nodeset": "/xls-7b574c1e08a94f7488326a5cc25debc3/field_2",
      "readonly": false,
      "required": false,
      "tableName": "xls-7b574c1e08a94f7488326a5cc25debc3",
      "type": "binary"
    },
    "field_1": {
      "attachment": false,
      "autoField": false,
      "binding": {
        "@jr:requiredMsg": "This is a required question - Clue location",
        "@nodeset": "/xls-7b574c1e08a94f7488326a5cc25debc3/field_1",
        "@required": "true()",
        "@type": "geopoint"
      },
      "defaultValue": "",
      "esriFieldAlias": "field_1",
      "esriFieldType": "esriFieldTypeGeometry",
      "esriGeometryType": "esriGeometryPoint",
      "esriParameters": {},
      "length": 255,
      "name": "field_1",
      "nodeset": "/xls-7b574c1e08a94f7488326a5cc25debc3/field_1",
      "readonly": false,
      "required": true,
      "requiredMsg": "This is a required question - Clue location",
      "tableName": "xls-7b574c1e08a94f7488326a5cc25debc3",
      "type": "geopoint"
    }
  },
  "hasAttachments": true,
  "hasM": false,
  "hasZ": false,
  "id": "surveyPoint",
  "isRoot": true,
  "name": "xls-7b574c1e08a94f7488326a5cc25debc3",
  "nodeset": "/xls-7b574c1e08a94f7488326a5cc25debc3",
  "parentNames": [],
  "relatedTables": [],
  "required": false,
  "tableName": "surveyPoint",
  "tableId": "%surveyPoint",
  "geometryField": {
    "attachment": false,
    "autoField": false,
    "binding": {
      "@jr:requiredMsg": "This is a required question - Clue location",
      "@nodeset": "/xls-7b574c1e08a94f7488326a5cc25debc3/field_1",
      "@required": "true()",
      "@type": "geopoint"
    },
    "defaultValue": "",
    "esriFieldAlias": "field_1",
    "esriFieldType": "esriFieldTypeGeometry",
    "esriGeometryType": "esriGeometryPoint",
    "esriParameters": {},
    "length": 255,
    "name": "field_1",
    "nodeset": "/xls-7b574c1e08a94f7488326a5cc25debc3/field_1",
    "readonly": false,
    "required": true,
    "requiredMsg": "This is a required question - Clue location",
    "tableName": "xls-7b574c1e08a94f7488326a5cc25debc3",
    "type": "geopoint"
  },
  "geometryFieldName": "field_1",
  "geometryFieldType": "esriGeometryPoint",
  "geometryFieldSrid": 4326,
  "rowInstance": {
    "surveyDescription": null,
    "field_3": null,
    "field_5": null,
    "field_4": null,
    "field_2": null,
    "field_1": null
  }
}
<15>1 2018-04-06T22:47:20Z localhost Survey123forArcGIS 19406 - [AppStudio@11205 category="qml" function="refresh" filename="XFormMapSettings.qml" line="75"] qml: Refreshing map settings surveyPath: /sdcard/ArcGIS/My Surveys/7b574c1e08a94f7488326a5cc25debc3/esriinfo info: {
  "coordinateFormat": null,
  "defaultType": {
    "name": null
  },
  "home": {
    "latitude": -71148808.92027593,
    "longitude": 704443.6526759937,
    "zoomLevel": 0
  },
  "preview": {
    "coordinateFormat": null,
    "zoomLevel": 0
  }
}
<15>1 2018-04-06T22:47:20Z localhost Survey123forArcGIS 19406 - [AppStudio@11205 category="qml" function="refresh" filename="XFormMapSettings.qml" line="176"] qml: Map folders: [
  "esriinfo-media",
  "media",
  "Maps",
  "maps"
]
<15>1 2018-04-06T22:47:20Z localhost Survey123forArcGIS 19406 - [AppStudio@11205 category="qml" function="" filename="XFormMapSettings.qml" line="189"] qml: Adding private maps folder: {
  "recursive": true,
  "url": "file:///sdcard/ArcGIS/My Surveys/7b574c1e08a94f7488326a5cc25debc3/esriinfo/media"
}
<15>1 2018-04-06T22:47:20Z localhost Survey123forArcGIS 19406 - [AppStudio@11205 category="qml" function="" filename="XFormMapSettings.qml" line="209"] qml: Adding maps library folder: {
  "recursive": true,
  "url": "file:///sdcard/ArcGIS/My Surveys/Maps"
}
<15>1 2018-04-06T22:47:20Z localhost Survey123forArcGIS 19406 - [AppStudio@11205 category="qml" function="update" filename="FilteredListModel.qml" line="62"] qml: Empty filterText
<12>1 2018-04-06T22:47:20Z localhost Survey123forArcGIS 19406 - [AppStudio@11205 category="default" filename="XFormExpressionList.qml" line="30"] qrc:/qml/XForms/XFormExpressionList.qml:30: ReferenceError: xform is not defined
<15>1 2018-04-06T22:47:20Z localhost Survey123forArcGIS 19406 - [AppStudio@11205 category="qml" function="submitData" filename="SubmitSurveysPage.qml" line="155"] qml: submitData: rowid: 42 name: form data: {
  "xls-7b574c1e08a94f7488326a5cc25debc3": {
    "field_1": {
      "direction": 0,
      "horizontalAccuracy": 19.648000717163086,
      "spatialReference": {
        "wkid": 4326
      },
      "speed": 0,
      "type": "point",
      "x": -105.9919117,
      "y": 38.5321182,
      "z": 0
    },
    "field_3": "Debug text test",
    "field_5": "Justin"
  }
} feature [{"attachments":[[]],"id":"%surveyPoint","adds":[{"attributes":{"field_3":"Debug text test","field_5":"Justin"},"geometry":{"spatialReference":{"wkid":4326},"x":-105.9919117,"y":38.5321182,"z":0}}]}]
<15>1 2018-04-06T22:47:21Z localhost Survey123forArcGIS 19406 - [AppStudio@11205 category="qml" function="update" filename="FilteredListModel.qml" line="62"] qml: Empty filterText
<15>1 2018-04-06T22:47:24Z localhost Survey123forArcGIS 19406 - [AppStudio@11205 category="qml" function="setFeatureService" filename="SubmitSurveysPage.qml" line="173"] qml: setFeatureService serviceInfo: {
  "access": "public",
  "accessInformation": null,
  "appCategories": [],
  "avgRating": 0,
  "banner": null,
  "categories": [],
  "created": 1510173574000,
  "culture": "",
  "description": null,
  "documentation": null,
  "extent": [
    [
      -180,
      -90
    ],
    [
      180,
      90
    ]
  ],
  "guid": null,
  "id": "c54d4241ddf7466b829c42870dc6da98",
  "industries": [],
  "languages": [],
  "largeThumbnail": null,
  "licenseInfo": null,
  "listed": false,
  "modified": 1510680365000,
  "name": "survey123_7b574c1e08a94f7488326a5cc25debc3_fieldworker",
  "numComments": 0,
  "numRatings": 0,
  "numViews": 8,
  "owner": "H13227",
  "properties": null,
  "proxyFilter": null,
  "scoreCompleteness": 33,
  "screenshots": [],
  "size": 0,
  "snippet": null,
  "spatialReference": null,
  "tags": [
    "test"
  ],
  "thumbnail": "thumbnail/ago_downloaded.png",
  "title": "Clue Log_fieldworker",
  "type": "Feature Service",
  "typeKeywords": [
    "7b574c1e08a94f7488326a5cc25debc3",
    "ArcGIS Server",
    "Data",
    "Feature Access",
    "Feature Service",
    "FieldworkerView",
    "Multilayer",
    "Service",
    "Survey123",
    "Survey123 Hub",
    "Hosted Service",
    "View Service"
  ],
  "url": "https://services2.arcgis.com/4VBZFeVR0gsH4uni/arcgis/rest/services/survey123_7b574c1e08a94f7488326a5cc25debc3_fieldworker/FeatureServer"
}
<15>1 2018-04-06T22:47:24Z localhost Survey123forArcGIS 19406 - [AppStudio@11205 category="qml" function="setFeatureService" filename="SubmitSurveysPage.qml" line="183"] qml: setFeatureService url: https://services2.arcgis.com/4VBZFeVR0gsH4uni/arcgis/rest/services/survey123_7b574c1e08a94f7488326a5cc25debc3_fieldworker/FeatureServer
<15>1 2018-04-06T22:47:24Z localhost Survey123forArcGIS 19406 - [AppStudio@11205 category="qml" function="onWebhooksChanged" filename="XFormWebhooks.qml" line="37"] qml: onWebhooksChanged: undefined
<15>1 2018-04-06T22:47:24Z localhost Survey123forArcGIS 19406 - [AppStudio@11205 category="qml" function="readInfo" filename="SurveyInfo.qml" line="71"] qml: surveyInfo: {
  "displayInfo": {
    "map": {
      "coordinateFormat": null,
      "defaultType": {
        "name": null
      },
      "home": {
        "latitude": -71148808.92027593,
        "longitude": 704443.6526759937,
        "zoomLevel": 0
      },
      "preview": {
        "coordinateFormat": null,
        "zoomLevel": 0
      }
    },
    "style": {
      "backgroundColor": null,
      "backgroundImage": null,
      "inputBackgroundColor": null,
      "inputTextColor": null,
      "textColor": null,
      "toolbarBackgroundColor": "#31872e",
      "toolbarTextColor": "#ffffff"
    }
  },
  "imagesInfo": {
    "captureResolution": 0
  },
  "serviceInfo": {
    "itemId": "4330c360cc1640c58de0013efcc008de",
    "type": "Feature Service",
    "url": "https://services2.arcgis.com/4VBZFeVR0gsH4uni/arcgis/rest/services/survey123_7b574c1e08a94f7488326a5cc25debc3/FeatureServer"
  }
}
<15>1 2018-04-06T22:47:24Z localhost Survey123forArcGIS 19406 - [AppStudio@11205 category="qml" function="updateMapPackages" filename="SurveyInfo.qml" line="97"] qml: Primary library path: /sdcard/ArcGIS/My Surveys/Maps
<15>1 2018-04-06T22:47:24Z localhost Survey123forArcGIS 19406 - [AppStudio@11205 category="qml" function="onWebhooksChanged" filename="XFormWebhooks.qml" line="37"] qml: onWebhooksChanged: undefined
<15>1 2018-04-06T22:47:24Z localhost Survey123forArcGIS 19406 - [AppStudio@11205 category="qml" function="readInfo" filename="SurveyInfo.qml" line="71"] qml: surveyInfo: {
  "displayInfo": {
    "map": {
      "coordinateFormat": null,
      "defaultType": {
        "name": null
      },
      "home": {
        "latitude": -71148808.92027593,
        "longitude": 704443.6526759937,
        "zoomLevel": 0
      },
      "preview": {
        "coordinateFormat": null,
        "zoomLevel": 0
      }
    },
    "style": {
      "backgroundColor": null,
      "backgroundImage": null,
      "inputBackgroundColor": null,
      "inputTextColor": null,
      "textColor": null,
      "toolbarBackgroundColor": "#31872e",
      "toolbarTextColor": "#ffffff"
    }
  },
  "imagesInfo": {
    "captureResolution": 0
  },
  "serviceInfo": {
    "itemId": "4330c360cc1640c58de0013efcc008de",
    "type": "Feature Service",
    "url": "https://services2.arcgis.com/4VBZFeVR0gsH4uni/arcgis/rest/services/survey123_7b574c1e08a94f7488326a5cc25debc3/FeatureServer"
  }
}
<15>1 2018-04-06T22:47:24Z localhost Survey123forArcGIS 19406 - [AppStudio@11205 category="qml" function="onFeatureServiceInfoChanged" filename="XFormFeatureService.qml" line="654"] qml: featureServiceInfo: null
<15>1 2018-04-06T22:47:24Z localhost Survey123forArcGIS 19406 - [AppStudio@11205 category="qml" function="onFeatureServiceUrlChanged" filename="XFormFeatureService.qml" line="647"] qml: Requesting featureServiceInfo: https://services2.arcgis.com/4VBZFeVR0gsH4uni/arcgis/rest/services/survey123_7b574c1e08a94f7488326a5cc25debc3_fieldworker/FeatureServer
<15>1 2018-04-06T22:47:25Z localhost Survey123forArcGIS 19406 - [AppStudio@11205 category="qml" function="onFeatureServiceInfoChanged" filename="XFormFeatureService.qml" line="654"] qml: featureServiceInfo: {
  "allowGeometryUpdates": true,
  "capabilities": "Create,Query,Update,Editing",
  "copyrightText": "",
  "currentVersion": 10.51,
  "description": "",
  "editorTrackingInfo": {
    "allowAnonymousToDelete": false,
    "allowAnonymousToUpdate": false,
    "allowOthersToDelete": false,
    "allowOthersToQuery": false,
    "allowOthersToUpdate": false,
    "enableEditorTracking": true,
    "enableOwnershipAccessControl": true
  },
  "fullExtent": {
    "spatialReference": {
      "latestWkid": 4326,
      "wkid": 4326
    },
    "xmax": 180,
    "xmin": -180,
    "ymax": 90,
    "ymin": -90
  },
  "hasStaticData": false,
  "hasVersionedData": false,
  "initialExtent": {
    "spatialReference": {
      "latestWkid": 4326,
      "wkid": 4326
    },
    "xmax": 180,
    "xmin": -180,
    "ymax": 90,
    "ymin": -90
  },
  "isUpdatableView": true,
  "isView": true,
  "layers": [
    {
      "defaultVisibility": true,
      "geometryType": "esriGeometryPoint",
      "id": 0,
      "maxScale": 0,
      "minScale": 0,
      "name": "surveyPoint",
      "parentLayerId": -1,
      "subLayerIds": null
    }
  ],
  "maxRecordCount": 2000,
  "serviceDescription": "View Feature Service (fieldworker) for survey 7b574c1e08a94f7488326a5cc25debc3",
  "serviceItemId": "c54d4241ddf7466b829c42870dc6da98",
  "sourceSchemaChangesAllowed": true,
  "spatialReference": {
    "latestWkid": 4326,
    "wkid": 4326
  },
  "supportedQueryFormats": "JSON",
  "supportsApplyEditsWithGlobalIds": true,
  "supportsDisconnectedEditing": false,
  "supportsVCSProjection": false,
  "syncEnabled": false,
  "tables": [
    {
      "defaultVisibility": true,
      "id": 1,
      "maxScale": 0,
      "minScale": 0,
      "name": "metadata",
      "parentLayerId": -1,
      "subLayerIds": null
    }
  ],
  "units": "esriDecimalDegrees",
  "xssPreventionInfo": {
    "xssInputRule": "rejectInvalid",
    "xssPreventionEnabled": true,
    "xssPreventionRule": "InputOnly"
  }
}
<15>1 2018-04-06T22:47:25Z localhost Survey123forArcGIS 19406 - [AppStudio@11205 category="qml" function="getNext" filename="XFormFeatureService.qml" line="707"] qml: Requesting layerInfo: https://services2.arcgis.com/4VBZFeVR0gsH4uni/arcgis/rest/services/survey123_7b574c1e08a94f7488326a5cc25debc3_fieldworker/FeatureServer/0
<15>1 2018-04-06T22:47:25Z localhost Survey123forArcGIS 19406 - [AppStudio@11205 category="qml" function="addLayerInfo" filename="XFormFeatureService.qml" line="735"] qml: Feature layerInfo: {
  "advancedQueryCapabilities": {
    "supportsAdvancedQueryRelated": true,
    "supportsCountDistinct": true,
    "supportsDistinct": true,
    "supportsHavingClause": true,
    "supportsOrderBy": true,
    "supportsOutFieldSQLExpression": true,
    "supportsPagination": true,
    "supportsPaginationOnAggregatedQueries": true,
    "supportsQueryAttachments": true,
    "supportsQueryRelatedPagination": true,
    "supportsQueryWithDatumTransformation": true,
    "supportsQueryWithDistance": true,
    "supportsQueryWithResultType": true,
    "supportsReturningGeometryCentroid": false,
    "supportsReturningQueryExtent": true,
    "supportsSqlExpression": true,
    "supportsStatistics": true
  },
  "allowGeometryUpdates": true,
  "attachmentProperties": [
    {
      "isEnabled": true,
      "name": "name"
    },
    {
      "isEnabled": true,
      "name": "size"
    },
    {
      "isEnabled": true,
      "name": "contentType"
    },
    {
      "isEnabled": true,
      "name": "keywords"
    }
  ],
  "capabilities": "Create,Query,Update,Editing",
  "copyrightText": "",
  "currentVersion": 10.51,
  "defaultVisibility": true,
  "description": "",
  "displayField": "",
  "editFieldsInfo": {
    "creationDateField": "CreationDate",
    "creatorField": "Creator",
    "editDateField": "EditDate",
    "editorField": "Editor"
  },
  "editingInfo": {
    "lastEditDate": 1523054650794
  },
  "extent": {
    "spatialReference": {
      "latestWkid": 4326,
      "wkid": 4326
    },
    "xmax": 180,
    "xmin": -180,
    "ymax": 90,
    "ymin": -90
  },
  "fields": [
    {
      "alias": "ObjectID",
      "defaultValue": null,
      "editable": false,
      "name": "ObjectId",
      "nullable": false,
      "sqlType": "sqlTypeOther",
      "type": "esriFieldTypeOID"
    },
    {
      "alias": "GlobalID",
      "defaultValue": null,
      "editable": false,
      "length": 38,
      "name": "globalid",
      "nullable": false,
      "sqlType": "sqlTypeOther",
      "type": "esriFieldTypeGlobalID"
    },
    {
      "alias": "CreationDate",
      "defaultValue": null,
      "editable": false,
      "length": 8,
      "name": "CreationDate",
      "nullable": true,
      "sqlType": "sqlTypeOther",
      "type": "esriFieldTypeDate"
    },
    {
      "alias": "Creator",
      "defaultValue": null,
      "editable": false,
      "length": 50,
      "name": "Creator",
      "nullable": true,
      "sqlType": "sqlTypeOther",
      "type": "esriFieldTypeString"
    },
    {
      "alias": "EditDate",
      "defaultValue": null,
      "editable": false,
      "length": 8,
      "name": "EditDate",
      "nullable": true,
      "sqlType": "sqlTypeOther",
      "type": "esriFieldTypeDate"
    },
    {
      "alias": "Editor",
      "defaultValue": null,
      "editable": false,
      "length": 50,
      "name": "Editor",
      "nullable": true,
      "sqlType": "sqlTypeOther",
      "type": "esriFieldTypeString"
    },
    {
      "alias": "Clue Title",
      "defaultValue": null,
      "editable": true,
      "length": 255,
      "name": "field_3",
      "nullable": true,
      "sqlType": "sqlTypeOther",
      "type": "esriFieldTypeString"
    },
    {
      "alias": "Additional Notes",
      "defaultValue": null,
      "editable": true,
      "length": 1000,
      "name": "field_4",
      "nullable": true,
      "sqlType": "sqlTypeOther",
      "type": "esriFieldTypeString"
    },
    {
      "alias": "Collector Name",
      "defaultValue": null,
      "editable": true,
      "length": 255,
      "name": "field_5",
      "nullable": true,
      "sqlType": "sqlTypeOther",
      "type": "esriFieldTypeString"
    }
  ],
  "geometryType": "esriGeometryPoint",
  "globalIdField": "globalid",
  "hasAttachments": true,
  "hasM": false,
  "hasStaticData": false,
  "hasZ": false,
  "htmlPopupType": "esriServerHTMLPopupTypeAsHTMLText",
  "id": 0,
  "isDataVersioned": false,
  "isUpdatableView": true,
  "isView": true,
  "maxRecordCount": 2000,
  "maxRecordCountFactor": 1,
  "maxScale": 0,
  "minScale": 0,
  "name": "surveyPoint",
  "objectIdField": "ObjectId",
  "ownershipBasedAccessControlForFeatures": {
    "allowAnonymousToDelete": false,
    "allowAnonymousToUpdate": false,
    "allowOthersToDelete": false,
    "allowOthersToQuery": false,
    "allowOthersToUpdate": false
  },
  "relationships": [],
  "serviceItemId": "c54d4241ddf7466b829c42870dc6da98",
  "sourceSchemaChangesAllowed": true,
  "standardMaxRecordCount": 32000,
  "supportedQueryFormats": "JSON, geoJSON",
  "supportsAdvancedQueries": true,
  "supportsAppend": true,
  "supportsApplyEditsWithGlobalIds": true,
  "supportsAttachmentsByUploadId": true,
  "supportsAttachmentsResizing": true,
  "supportsCalculate": true,
  "supportsCoordinatesQuantization": true,
  "supportsRollbackOnFailureParameter": true,
  "supportsStatistics": true,
  "supportsTruncate": true,
  "supportsValidateSql": true,
  "tileMaxRecordCount": 8000,
  "timeInfo": {
    "endTimeField": "",
    "exportOptions": {
      "TimeOffset": 0,
      "timeDataCumulative": false,
      "timeOffsetUnits": "esriTimeUnitsCenturies",
      "useTime": false
    },
    "hasLiveData": false,
    "startTimeField": "",
    "timeExtent": [],
    "timeInterval": 0,
    "timeIntervalUnits": "",
    "timeReference": {
      "respectDaylightSaving": false,
      "timeZone": "UTC"
    },
    "trackIdField": ""
  },
  "type": "Feature Layer",
  "typeIdField": "",
  "types": [],
  "useStandardizedQueries": true,
  "parentRelationships": [],
  "childRelationships": []
}
<15>1 2018-04-06T22:47:25Z localhost Survey123forArcGIS 19406 - [AppStudio@11205 category="qml" function="getNext" filename="XFormFeatureService.qml" line="707"] qml: Requesting layerInfo: https://services2.arcgis.com/4VBZFeVR0gsH4uni/arcgis/rest/services/survey123_7b574c1e08a94f7488326a5cc25debc3_fieldworker/FeatureServer/1
<15>1 2018-04-06T22:47:25Z localhost Survey123forArcGIS 19406 - [AppStudio@11205 category="qml" function="addLayerInfo" filename="XFormFeatureService.qml" line="735"] qml: Feature layerInfo: {
  "advancedQueryCapabilities": {
    "supportsAdvancedQueryRelated": true,
    "supportsCountDistinct": true,
    "supportsDistinct": true,
    "supportsHavingClause": true,
    "supportsOrderBy": true,
    "supportsOutFieldSQLExpression": true,
    "supportsPagination": true,
    "supportsPaginationOnAggregatedQueries": true,
    "supportsQueryAttachments": true,
    "supportsQueryRelatedPagination": true,
    "supportsQueryWithDatumTransformation": true,
    "supportsQueryWithDistance": true,
    "supportsQueryWithResultType": true,
    "supportsReturningGeometryCentroid": false,
    "supportsReturningQueryExtent": true,
    "supportsSqlExpression": true,
    "supportsStatistics": true
  },
  "allowGeometryUpdates": true,
  "attachmentProperties": [
    {
      "isEnabled": true,
      "name": "name"
    },
    {
      "isEnabled": true,
      "name": "size"
    },
    {
      "isEnabled": true,
      "name": "contentType"
    },
    {
      "isEnabled": true,
      "name": "keywords"
    }
  ],
  "capabilities": "Create,Query,Update,Editing",
  "copyrightText": "",
  "currentVersion": 10.51,
  "defaultVisibility": true,
  "description": "",
  "displayField": "",
  "editFieldsInfo": {
    "creationDateField": "CreationDate",
    "creatorField": "Creator",
    "editDateField": "EditDate",
    "editorField": "Editor"
  },
  "editingInfo": {
    "lastEditDate": 1510347825684
  },
  "fields": [
    {
      "alias": "ObjectID",
      "defaultValue": null,
      "editable": false,
      "name": "ObjectId",
      "nullable": false,
      "sqlType": "sqlTypeOther",
      "type": "esriFieldTypeOID"
    },
    {
      "alias": "GlobalID",
      "defaultValue": null,
      "editable": false,
      "length": 38,
      "name": "globalid",
      "nullable": false,
      "sqlType": "sqlTypeOther",
      "type": "esriFieldTypeGlobalID"
    },
    {
      "alias": "name",
      "defaultValue": null,
      "editable": true,
      "length": 255,
      "name": "name",
      "nullable": false,
      "sqlType": "sqlTypeOther",
      "type": "esriFieldTypeString"
    },
    {
      "alias": "value",
      "defaultValue": null,
      "editable": true,
      "length": 102400,
      "name": "value",
      "nullable": true,
      "sqlType": "sqlTypeOther",
      "type": "esriFieldTypeString"
    },
    {
      "alias": "CreationDate",
      "defaultValue": null,
      "editable": false,
      "length": 8,
      "name": "CreationDate",
      "nullable": true,
      "sqlType": "sqlTypeOther",
      "type": "esriFieldTypeDate"
    },
    {
      "alias": "Creator",
      "defaultValue": null,
      "editable": false,
      "length": 50,
      "name": "Creator",
      "nullable": true,
      "sqlType": "sqlTypeOther",
      "type": "esriFieldTypeString"
    },
    {
      "alias": "EditDate",
      "defaultValue": null,
      "editable": false,
      "length": 8,
      "name": "EditDate",
      "nullable": true,
      "sqlType": "sqlTypeOther",
      "type": "esriFieldTypeDate"
    },
    {
      "alias": "Editor",
      "defaultValue": null,
      "editable": false,
      "length": 50,
      "name": "Editor",
      "nullable": true,
      "sqlType": "sqlTypeOther",
      "type": "esriFieldTypeString"
    }
  ],
  "globalIdField": "globalid",
  "hasAttachments": true,
  "hasM": false,
  "hasStaticData": false,
  "hasZ": false,
  "htmlPopupType": "esriServerHTMLPopupTypeNone",
  "id": 1,
  "isDataVersioned": false,
  "isUpdatableView": true,
  "isView": true,
  "maxRecordCount": 2000,
  "maxRecordCountFactor": 1,
  "name": "metadata",
  "objectIdField": "ObjectId",
  "ownershipBasedAccessControlForFeatures": {
    "allowAnonymousToDelete": false,
    "allowAnonymousToUpdate": false,
    "allowOthersToDelete": false,
    "allowOthersToQuery": false,
    "allowOthersToUpdate": false
  },
  "relationships": [],
  "serviceItemId": "c54d4241ddf7466b829c42870dc6da98",
  "sourceSchemaChangesAllowed": true,
  "standardMaxRecordCount": 32000,
  "supportedQueryFormats": "JSON, geoJSON",
  "supportsAdvancedQueries": true,
  "supportsAppend": true,
  "supportsApplyEditsWithGlobalIds": true,
  "supportsAttachmentsByUploadId": true,
  "supportsAttachmentsResizing": true,
  "supportsCalculate": true,
  "supportsCoordinatesQuantization": true,
  "supportsRollbackOnFailureParameter": true,
  "supportsStatistics": true,
  "supportsTruncate": true,
  "supportsValidateSql": true,
  "tileMaxRecordCount": 8000,
  "type": "Table",
  "typeIdField": "",
  "types": [],
  "useStandardizedQueries": true,
  "parentRelationships": [],
  "childRelationships": []
}
<15>1 2018-04-06T22:47:25Z localhost Survey123forArcGIS 19406 - [AppStudio@11205 category="qml" function="updateRelationships" filename="XFormFeatureService.qml" line="891"] qml: Updating relationship for: surveyPoint
<15>1 2018-04-06T22:47:25Z localhost Survey123forArcGIS 19406 - [AppStudio@11205 category="qml" function="updateRelationships" filename="XFormFeatureService.qml" line="891"] qml: Updating relationship for: metadata
<15>1 2018-04-06T22:47:25Z localhost Survey123forArcGIS 19406 - [AppStudio@11205 category="qml" function="onServiceReady" filename="SubmitSurveysPage.qml" line="325"] qml: Sending row: 42 field_3:Debug text test, field_5:Justin
<15>1 2018-04-06T22:47:25Z localhost Survey123forArcGIS 19406 - [AppStudio@11205 category="qml" function="applyData" filename="XFormFeatureService.qml" line="90"] qml: applyData: [
  {
    "attachments": [
      []
    ],
    "id": "%surveyPoint",
    "adds": [
      {
        "attributes": {
          "field_3": "Debug text test",
          "field_5": "Justin"
        },
        "geometry": {
          "spatialReference": {
            "wkid": 4326
          },
          "x": -105.9919117,
          "y": 38.5321182,
          "z": 0
        }
      }
    ]
  }
]
<15>1 2018-04-06T22:47:25Z localhost Survey123forArcGIS 19406 - [AppStudio@11205 category="qml" function="" filename="XFormFeatureService.qml" line="96"] qml: layer: surveyPoint supportsAttachmentsByUploadId: true
<15>1 2018-04-06T22:47:26Z localhost Survey123forArcGIS 19406 - [AppStudio@11205 category="qml" function="" filename="XFormFeatureService.qml" line="96"] qml: layer: metadata supportsAttachmentsByUploadId: true
<15>1 2018-04-06T22:47:26Z localhost Survey123forArcGIS 19406 - [AppStudio@11205 category="qml" function="applyData" filename="XFormFeatureService.qml" line="101"] qml: Adding attachments by upload id: true
<15>1 2018-04-06T22:47:26Z localhost Survey123forArcGIS 19406 - [AppStudio@11205 category="qml" function="applyEdits" filename="XFormFeatureService.qml" line="125"] qml: Applying edits to: https://services2.arcgis.com/4VBZFeVR0gsH4uni/arcgis/rest/services/survey123_7b574c1e08a94f7488326a5cc25debc3_fieldworker/FeatureServer
<15>1 2018-04-06T22:47:26Z localhost Survey123forArcGIS 19406 - [AppStudio@11205 category="qml" function="removeMetaProperties" filename="XFormFeatureService.qml" line="1004"] qml: removing meta properties: 1
<15>1 2018-04-06T22:47:26Z localhost Survey123forArcGIS 19406 - [AppStudio@11205 category="qml" function="applyEdits" filename="XFormFeatureService.qml" line="133"] qml: edits: [
  {
    "attachments": [
      []
    ],
    "id": 0,
    "adds": [
      {
        "attributes": {
          "field_3": "Debug text test",
          "field_5": "Justin",
          "globalid": "{4D562D14-A49E-4796-ABC2-F43C2AAC661D}"
        },
        "geometry": {
          "spatialReference": {
            "wkid": 4326
          },
          "x": -105.9919117,
          "y": 38.5321182
        }
      }
    ]
  }
]
<15>1 2018-04-06T22:47:26Z localhost Survey123forArcGIS 19406 - [AppStudio@11205 category="qml" function="buildUploadsList" filename="XFormFeatureService.qml" line="272"] qml: uploads list: []
<15>1 2018-04-06T22:47:26Z localhost Survey123forArcGIS 19406 - [AppStudio@11205 category="qml" function="onSuccess" filename="XFormFeatureService.qml" line="376"] qml: applyEdits response: [
  {
    "addResults": [
      {
        "globalId": "{4D562D14-A49E-4796-ABC2-F43C2AAC661D}",
        "objectId": 131,
        "success": true
      }
    ],
    "id": 0
  }
]
<15>1 2018-04-06T22:47:26Z localhost Survey123forArcGIS 19406 - [AppStudio@11205 category="qml" function="" filename="XFormFeatureService.qml" line="402"] qml: editResult: {
  "addResults": [
    {
      "globalId": "{4D562D14-A49E-4796-ABC2-F43C2AAC661D}",
      "objectId": 131,
      "success": true
    }
  ],
  "id": 0
}
<15>1 2018-04-06T22:47:26Z localhost Survey123forArcGIS 19406 - [AppStudio@11205 category="qml" function="onSuccess" filename="XFormFeatureService.qml" line="441"] qml: applyEdits edit results: [
  {
    "id": 0,
    "adds": [
      {
        "attributes": {
          "field_3": "Debug text test",
          "field_5": "Justin",
          "globalid": "{4D562D14-A49E-4796-ABC2-F43C2AAC661D}"
        },
        "geometry": {
          "spatialReference": {
            "wkid": 4326
          },
          "x": -105.9919117,
          "y": 38.5321182
        },
        "result": {
          "globalId": "{4D562D14-A49E-4796-ABC2-F43C2AAC661D}",
          "objectId": 131,
          "success": true
        }
      }
    ],
    "layerInfo": {
      "globalIdField": "globalid",
      "id": 0,
      "name": "surveyPoint",
      "objectIdField": "ObjectId",
      "relationships": [],
      "type": "Feature Layer"
    }
  }
]
<15>1 2018-04-06T22:47:26Z localhost Survey123forArcGIS 19406 - [AppStudio@11205 category="qml" function="syncInstanceData" filename="XFormFeatureService.qml" line="1243"] qml: syncInstanceData instanceName: xls-7b574c1e08a94f7488326a5cc25debc3
<15>1 2018-04-06T22:47:26Z localhost Survey123forArcGIS 19406 - [AppStudio@11205 category="qml" function="onInstanceChanged" filename="XFormData.qml" line="75"] qml: Data editMode: 0
<15>1 2018-04-06T22:47:26Z localhost Survey123forArcGIS 19406 - [AppStudio@11205 category="qml" function="syncInstanceData" filename="XFormFeatureService.qml" line="1256"] qml: syncing instance parentLayer: 0 name: surveyPoint type: Feature Layer #edits: 1
<15>1 2018-04-06T22:47:26Z localhost Survey123forArcGIS 19406 - [AppStudio@11205 category="qml" function="" filename="XFormFeatureService.qml" line="1270"] qml: syncing layer: 0 name: surveyPoint type: Feature Layer
<15>1 2018-04-06T22:47:26Z localhost Survey123forArcGIS 19406 - [AppStudio@11205 category="qml" function="" filename="XFormFeatureService.qml" line="1274"] qml: Processing adds: 1
<15>1 2018-04-06T22:47:26Z localhost Survey123forArcGIS 19406 - [AppStudio@11205 category="qml" function="onSuccess" filename="XFormFeatureService.qml" line="456"] qml: applyEdits:edits: [
  {
    "id": 0,
    "adds": [
      {
        "attributes": {
          "field_3": "Debug text test",
          "field_5": "Justin",
          "globalid": "{4D562D14-A49E-4796-ABC2-F43C2AAC661D}"
        },
        "geometry": {
          "spatialReference": {
            "wkid": 4326
          },
          "x": -105.9919117,
          "y": 38.5321182
        },
        "result": {
          "globalId": "{4D562D14-A49E-4796-ABC2-F43C2AAC661D}",
          "objectId": 131,
          "success": true
        }
      }
    ],
    "layerInfo": {
      "globalIdField": "globalid",
      "id": 0,
      "name": "surveyPoint",
      "objectIdField": "ObjectId",
      "relationships": [],
      "type": "Feature Layer"
    }
  }
]
<15>1 2018-04-06T22:47:26Z localhost Survey123forArcGIS 19406 - [AppStudio@11205 category="qml" function="handleEvent" filename="XFormWebhooks.qml" line="44"] qml: No webhooks defined
<15>1 2018-04-06T22:47:26Z localhost Survey123forArcGIS 19406 - [AppStudio@11205 category="qml" function="onApplied" filename="SubmitSurveysPage.qml" line="332"] qml: Feature service applied edits: {
  "adds": 1,
  "deletes": 0,
  "updates": 0
} instanceData: {
  "xls-7b574c1e08a94f7488326a5cc25debc3": {
    "field_1": {
      "direction": 0,
      "horizontalAccuracy": 19.648000717163086,
      "spatialReference": {
        "wkid": 4326
      },
      "speed": 0,
      "type": "point",
      "x": -105.9919117,
      "y": 38.5321182,
      "z": 0
    },
    "field_3": "Debug text test",
    "field_5": "Justin",
    "globalid": "{4D562D14-A49E-4796-ABC2-F43C2AAC661D}",
    "__meta__": {
      "globalIdField": "globalid",
      "objectIdField": "ObjectId",
      "editMode": 1
    },
    "ObjectId": 131
  }
}
<15>1 2018-04-06T22:47:26Z localhost Survey123forArcGIS 19406 - [AppStudio@11205 category="qml" function="" filename="XFormsDatabase.qml" line="388"] qml: updateDataStatus: {
  "rowsAffected": 1,
  "insertId": "42",
  "rows": {}
}
<15>1 2018-04-06T22:47:26Z localhost Survey123forArcGIS 19406 - [AppStudio@11205 category="qml" function="submitData" filename="SubmitSurveysPage.qml" line="155"] qml: submitData: rowid: 26 name: form data: {
  "xls-7b574c1e08a94f7488326a5cc25debc3": {
    "ObjectId": 114,
    "__meta__": {
      "editMode": 1,
      "globalIdField": "globalid",
      "objectIdField": "ObjectId"
    },
    "field_1": {
      "direction": 0,
      "horizontalAccuracy": 19.864999771118164,
      "spatialReference": {
        "wkid": 4326
      },
      "speed": 0,
      "type": "point",
      "x": -105.9919146,
      "y": 38.5321113,
      "z": 0
    },
    "field_2": "field_2-b7c77ee1a5ca4f6db7c43d99c9ea3fce.jpg",
    "field_3": "Debug",
    "field_4": null,
    "field_5": "Justin",
    "globalid": "{E3062FE0-9064-4CAF-9E25-D30CF930112A}",
    "surveyDescription": null
  }
} feature [{"attachments":[[{"editMode":0,"fieldName":"field_2","fileName":"field_2-b7c77ee1a5ca4f6db7c43d99c9ea3fce.jpg"}]],"id":"%surveyPoint","updates":[{"attributes":{"ObjectId":114,"field_3":"Debug","field_4":null,"field_5":"Justin","globalid":"{E3062FE0-9064-4CAF-9E25-D30CF930112A}","surveyDescription":null},"geometry":{"spatialReference":{"wkid":4326},"x":-105.9919146,"y":38.5321113,"z":0}}]}]
<15>1 2018-04-06T22:47:26Z localhost Survey123forArcGIS 19406 - [AppStudio@11205 category="qml" function="onServiceReady" filename="SubmitSurveysPage.qml" line="325"] qml: Sending row: 26 ObjectId:114, field_2:field_2-b7c77ee1a5ca4f6db7c43d99c9ea3fce.jpg, field_3:Debug, field_5:Justin, globalid:{E3062FE0-9064-4CAF-9E25-D30CF930112A}
<15>1 2018-04-06T22:47:26Z localhost Survey123forArcGIS 19406 - [AppStudio@11205 category="qml" function="applyData" filename="XFormFeatureService.qml" line="90"] qml: applyData: [
  {
    "attachments": [
      [
        {
          "editMode": 0,
          "fieldName": "field_2",
          "fileName": "field_2-b7c77ee1a5ca4f6db7c43d99c9ea3fce.jpg"
        }
      ]
    ],
    "id": "%surveyPoint",
    "updates": [
      {
        "attributes": {
          "ObjectId": 114,
          "field_3": "Debug",
          "field_4": null,
          "field_5": "Justin",
          "globalid": "{E3062FE0-9064-4CAF-9E25-D30CF930112A}",
          "surveyDescription": null
        },
        "geometry": {
          "spatialReference": {
            "wkid": 4326
          },
          "x": -105.9919146,
          "y": 38.5321113,
          "z": 0
        }
      }
    ]
  }
]
<15>1 2018-04-06T22:47:26Z localhost Survey123forArcGIS 19406 - [AppStudio@11205 category="qml" function="" filename="XFormFeatureService.qml" line="96"] qml: layer: surveyPoint supportsAttachmentsByUploadId: true
<15>1 2018-04-06T22:47:26Z localhost Survey123forArcGIS 19406 - [AppStudio@11205 category="qml" function="" filename="XFormFeatureService.qml" line="96"] qml: layer: metadata supportsAttachmentsByUploadId: true
<15>1 2018-04-06T22:47:26Z localhost Survey123forArcGIS 19406 - [AppStudio@11205 category="qml" function="applyData" filename="XFormFeatureService.qml" line="101"] qml: Adding attachments by upload id: true
<15>1 2018-04-06T22:47:26Z localhost Survey123forArcGIS 19406 - [AppStudio@11205 category="qml" function="applyEdits" filename="XFormFeatureService.qml" line="125"] qml: Applying edits to: https://services2.arcgis.com/4VBZFeVR0gsH4uni/arcgis/rest/services/survey123_7b574c1e08a94f7488326a5cc25debc3_fieldworker/FeatureServer
<15>1 2018-04-06T22:47:26Z localhost Survey123forArcGIS 19406 - [AppStudio@11205 category="qml" function="removeMetaProperties" filename="XFormFeatureService.qml" line="1004"] qml: removing meta properties: 1
<15>1 2018-04-06T22:47:26Z localhost Survey123forArcGIS 19406 - [AppStudio@11205 category="qml" function="applyEdits" filename="XFormFeatureService.qml" line="133"] qml: edits: [
  {
    "attachments": [
      [
        {
          "editMode": 0,
          "fieldName": "field_2",
          "fileName": "field_2-b7c77ee1a5ca4f6db7c43d99c9ea3fce.jpg"
        }
      ]
    ],
    "id": 0,
    "updates": [
      {
        "attributes": {
          "ObjectId": 114,
          "field_3": "Debug",
          "field_4": null,
          "field_5": "Justin",
          "globalid": "{E3062FE0-9064-4CAF-9E25-D30CF930112A}",
          "surveyDescription": null
        },
        "geometry": {
          "spatialReference": {
            "wkid": 4326
          },
          "x": -105.9919146,
          "y": 38.5321113
        }
      }
    ]
  }
]
<15>1 2018-04-06T22:47:26Z localhost Survey123forArcGIS 19406 - [AppStudio@11205 category="qml" function="buildUploadsList" filename="XFormFeatureService.qml" line="272"] qml: uploads list: []
<15>1 2018-04-06T22:47:26Z localhost Survey123forArcGIS 19406 - [AppStudio@11205 category="qml" function="onSuccess" filename="XFormFeatureService.qml" line="376"] qml: applyEdits response: [
  {
    "id": 0,
    "updateResults": [
      {
        "error": {
          "code": 1009,
          "description": "No permission to edit the specified feature."
        },
        "globalId": null,
        "objectId": 114,
        "success": false
      }
    ]
  }
]
<15>1 2018-04-06T22:47:26Z localhost Survey123forArcGIS 19406 - [AppStudio@11205 category="qml" function="" filename="XFormFeatureService.qml" line="402"] qml: editResult: {
  "id": 0,
  "updateResults": [
    {
      "error": {
        "code": 1009,
        "description": "No permission to edit the specified feature."
      },
      "globalId": null,
      "objectId": 114,
      "success": false
    }
  ]
}
<15>1 2018-04-06T22:47:26Z localhost Survey123forArcGIS 19406 - [AppStudio@11205 category="qml" function="onSuccess" filename="XFormFeatureService.qml" line="441"] qml: applyEdits edit results: [
  {
    "id": 0,
    "updates": [
      {
        "attributes": {
          "ObjectId": 114,
          "field_3": "Debug",
          "field_4": null,
          "field_5": "Justin",
          "globalid": "{E3062FE0-9064-4CAF-9E25-D30CF930112A}",
          "surveyDescription": null
        },
        "geometry": {
          "spatialReference": {
            "wkid": 4326
          },
          "x": -105.9919146,
          "y": 38.5321113
        },
        "result": {
          "error": {
            "code": 1009,
            "description": "No permission to edit the specified feature.",
            "tableId": 0
          },
          "globalId": null,
          "objectId": 114,
          "success": false
        }
      }
    ],
    "layerInfo": {
      "globalIdField": "globalid",
      "id": 0,
      "name": "surveyPoint",
      "objectIdField": "ObjectId",
      "relationships": [],
      "type": "Feature Layer"
    }
  }
]
<15>1 2018-04-06T22:47:26Z localhost Survey123forArcGIS 19406 - [AppStudio@11205 category="qml" function="onSuccess" filename="XFormFeatureService.qml" line="444"] qml: applyEdits:errors: [
  {
    "code": 1009,
    "description": "No permission to edit the specified feature.",
    "tableId": 0
  }
]
<15>1 2018-04-06T22:47:26Z localhost Survey123forArcGIS 19406 - [AppStudio@11205 category="qml" function="onFailed" filename="SubmitSurveysPage.qml" line="345"] qml: Feature service error: [
  {
    "id": 0,
    "updates": [
      {
        "attributes": {
          "ObjectId": 114,
          "field_3": "Debug",
          "field_4": null,
          "field_5": "Justin",
          "globalid": "{E3062FE0-9064-4CAF-9E25-D30CF930112A}",
          "surveyDescription": null
        },
        "geometry": {
          "spatialReference": {
            "wkid": 4326
          },
          "x": -105.9919146,
          "y": 38.5321113
        },
        "result": {
          "error": {
            "code": 1009,
            "description": "No permission to edit the specified feature.",
            "tableId": 0
          },
          "globalId": null,
          "objectId": 114,
          "success": false
        }
      }
    ],
    "layerInfo": {
      "globalIdField": "globalid",
      "id": 0,
      "name": "surveyPoint",
      "objectIdField": "ObjectId",
      "relationships": [],
      "type": "Feature Layer"
    }
  }
]
<15>1 2018-04-06T22:47:26Z localhost Survey123forArcGIS 19406 - [AppStudio@11205 category="qml" function="" filename="XFormsDatabase.qml" line="361"] qml: updateStatus: {
  "rowsAffected": 1,
  "insertId": "42",
  "rows": {}
}
<15>1 2018-04-06T22:47:26Z localhost Survey123forArcGIS 19406 - [AppStudio@11205 category="qml" function="onFeatureServiceInfoChanged" filename="XFormFeatureService.qml" line="654"] qml: featureServiceInfo: null
<15>1 2018-04-06T22:47:26Z localhost Survey123forArcGIS 19406 - [AppStudio@11205 category="qml" function="update" filename="FilteredListModel.qml" line="62"] qml: Empty filterText
<12>1 2018-04-06T22:47:26Z localhost Survey123forArcGIS 19406 - [AppStudio@11205 category="default" filename="XFormWebhooks.qml" line="102"] qrc:/qml/XForms/XFormWebhooks.qml:102: TypeError: Cannot read property 'itemId' of null
<15>1 2018-04-06T22:47:28Z localhost Survey123forArcGIS 19406 - [AppStudio@11205 category="qml" function="expression for onStateChanged" filename="Portal.qml" line="192"] qml: Application state changed: 2
<15>1 2018-04-06T22:47:28Z localhost Survey123forArcGIS 19406 - [AppStudio@11205 category="qml" function="expression for onStateChanged" filename="Portal.qml" line="192"] qml: Application state changed: 0
